<html>
<body>
<pre>
<h1>µVision Build Log</h1>
<h2>Tool Versions:</h2>
IDE-Version: ¦ÌVision V5.21.1.0
Copyright (C) 2016 ARM Ltd and ARM Germany GmbH. All rights reserved.
License Information: w admin, w, LIC=65ISZ-J4YEW-74TS0-B1X5Q-FC8LF-K7JIF
 
Tool Versions:
Toolchain:       MDK-ARM Plus  Version: 5.21a
Toolchain Path:  E:\kail\ARM\ARMCC\Bin
C Compiler:      Armcc.exe V5.06 update 3 (build 300)
Assembler:       Armasm.exe V5.06 update 3 (build 300)
Linker/Locator:  ArmLink.exe V5.06 update 3 (build 300)
Library Manager: ArmAr.exe V5.06 update 3 (build 300)
Hex Converter:   FromElf.exe V5.06 update 3 (build 300)
CPU DLL:         SARMCM3.DLL V5.21a
Dialog DLL:      DARMCM1.DLL V1.14.0.0
Target DLL:      Segger\JL2CM3.dll V2.99.23.0
Dialog DLL:      TARMCM1.DLL V1.10.0.0
 
<h2>Project:</h2>
C:\Users\admin\Desktop\Ë«Öá¼ôÏß\Motor\kailproject\motor_can.uvprojx
Project File Date:  07/12/2022

<h2>Output:</h2>
*** Using Compiler 'V5.06 update 3 (build 300)', folder: 'E:\kail\ARM\ARMCC\Bin'
Build target 'Target 1'
compiling MotorMove.c...
..\USER\MotorMove.c(279): warning:  #1-D: last line of file ends without a newline
  }
..\USER\MotorMove.c(216): warning:  #177-D: variable "MotorInitVal" was declared but never referenced
  		unsigned char   MotorInitVal[8]={0x00,0x00,0x00,0x00,0x00,0x00,0x00,0x00};
..\USER\MotorMove.c(218): warning:  #177-D: variable "seepXMZ" was declared but never referenced
  		signed   short  seepXMZ=600;
..\USER\MotorMove.c(219): warning:  #177-D: variable "TorqueXMZ" was declared but never referenced
  		signed   short  TorqueXMZ=150;
..\USER\MotorMove.c: 4 warnings, 0 errors
linking...
Program Size: Code=7596 RO-data=352 RW-data=368 ZI-data=1248  
FromELF: creating hex file...
".\HEX\motor_can.axf" - 0 Error(s), 4 Warning(s).

<h2>Collection of Component include folders:</h2>
  C:\Users\admin\Desktop\Ë«Öá¼ôÏß\Motor\kailproject\RTE
  E:\kail\ARM\PACK\MindMotion\MM32SPIN0x_DFP\1.0.8\Device\MM32SPIN06xx_s\Include

<h2>Collection of Component Files used:</h2>
Build Time Elapsed:  00:00:01
</pre>
</body>
</html>
