Component: ARM Compiler 5.06 update 3 (build 300) Tool: armlink [4d35c9]

==============================================================================

Section Cross References

    system_mm32spin06xx_s.o(i.AutoCalPllFactor) refers to uidiv.o(.text) for __aeabi_uidivmod
    system_mm32spin06xx_s.o(i.SetSysClock) refers to system_mm32spin06xx_s.o(i.SetSysClockToXX) for SetSysClockToXX
    system_mm32spin06xx_s.o(i.SetSysClockToXX) refers to uidiv.o(.text) for __aeabi_uidivmod
    system_mm32spin06xx_s.o(i.SetSysClockToXX) refers to system_mm32spin06xx_s.o(i.AutoCalPllFactor) for AutoCalPllFactor
    system_mm32spin06xx_s.o(i.SetSysClockToXX) refers to system_mm32spin06xx_s.o(.data) for SystemCoreClock
    system_mm32spin06xx_s.o(i.SystemInit) refers to system_mm32spin06xx_s.o(i.SetSysClock) for SetSysClock
    startup_mm32spin06xx_s_keil.o(RESET) refers to startup_mm32spin06xx_s_keil.o(STACK) for __initial_sp
    startup_mm32spin06xx_s_keil.o(RESET) refers to startup_mm32spin06xx_s_keil.o(.text) for Reset_Handler
    startup_mm32spin06xx_s_keil.o(RESET) refers to delay.o(i.SysTick_Handler) for SysTick_Handler
    startup_mm32spin06xx_s_keil.o(RESET) refers to tim3_pwm_input.o(i.TIM2_IRQHandler) for TIM2_IRQHandler
    startup_mm32spin06xx_s_keil.o(RESET) refers to tim3_pwm_input.o(i.TIM3_IRQHandler) for TIM3_IRQHandler
    startup_mm32spin06xx_s_keil.o(RESET) refers to uart.o(i.UART1_IRQHandler) for UART1_IRQHandler
    startup_mm32spin06xx_s_keil.o(RESET) refers to can.o(i.CAN_IRQHandler) for CAN_IRQHandler
    startup_mm32spin06xx_s_keil.o(.text) refers to startup_mm32spin06xx_s_keil.o(STACK) for __initial_sp
    startup_mm32spin06xx_s_keil.o(.text) refers to system_mm32spin06xx_s.o(i.SystemInit) for SystemInit
    startup_mm32spin06xx_s_keil.o(.text) refers to entry.o(.ARM.Collect$$$$00000000) for __main
    hal_gpio.o(i.GPIO_DeInit) refers to hal_rcc.o(i.RCC_AHBPeriphClockCmd) for RCC_AHBPeriphClockCmd
    hal_rcc.o(i.RCC_GetClocksFreq) refers to hal_rcc.o(i.RCC_GetSysClockFreq) for RCC_GetSysClockFreq
    hal_rcc.o(i.RCC_GetClocksFreq) refers to hal_rcc.o(i.RCC_GetHCLKFreq) for RCC_GetHCLKFreq
    hal_rcc.o(i.RCC_GetClocksFreq) refers to hal_rcc.o(i.RCC_GetPCLK1Freq) for RCC_GetPCLK1Freq
    hal_rcc.o(i.RCC_GetClocksFreq) refers to hal_rcc.o(i.RCC_GetPCLK2Freq) for RCC_GetPCLK2Freq
    hal_rcc.o(i.RCC_GetClocksFreq) refers to uidiv.o(.text) for __aeabi_uidivmod
    hal_rcc.o(i.RCC_GetHCLKFreq) refers to hal_rcc.o(i.RCC_GetSysClockFreq) for RCC_GetSysClockFreq
    hal_rcc.o(i.RCC_GetHCLKFreq) refers to hal_rcc.o(.data) for tbPresc
    hal_rcc.o(i.RCC_GetPCLK1Freq) refers to hal_rcc.o(i.RCC_GetHCLKFreq) for RCC_GetHCLKFreq
    hal_rcc.o(i.RCC_GetPCLK1Freq) refers to hal_rcc.o(.data) for tbPresc
    hal_rcc.o(i.RCC_GetPCLK2Freq) refers to hal_rcc.o(i.RCC_GetHCLKFreq) for RCC_GetHCLKFreq
    hal_rcc.o(i.RCC_GetPCLK2Freq) refers to hal_rcc.o(.data) for tbPresc
    hal_rcc.o(i.RCC_GetSysClockFreq) refers to uidiv.o(.text) for __aeabi_uidivmod
    hal_rcc.o(i.RCC_PLLConfig) refers to memcpya.o(.text) for __aeabi_memcpy4
    hal_rcc.o(i.RCC_PLLConfig) refers to hal_rcc.o(i.RCC_PLLDMDNConfig) for RCC_PLLDMDNConfig
    hal_rcc.o(i.RCC_WaitForFlagStartUp) refers to hal_rcc.o(i.RCC_GetFlagStatus) for RCC_GetFlagStatus
    hal_rcc.o(i.RCC_WaitForHSEStartUp) refers to hal_rcc.o(i.RCC_GetFlagStatus) for RCC_GetFlagStatus
    hal_rcc.o(i.exRCC_SystickEnable) refers to hal_rcc.o(i.RCC_GetHCLKFreq) for RCC_GetHCLKFreq
    hal_rcc.o(i.exRCC_SystickEnable) refers to uidiv.o(.text) for __aeabi_uidivmod
    hal_rcc.o(i.exRCC_SystickEnable) refers to hal_rcc.o(i.__NVIC_SetPriority) for __NVIC_SetPriority
    hal_uart.o(i.UART_DeInit) refers to hal_rcc.o(i.exRCC_APB1PeriphReset) for exRCC_APB1PeriphReset
    hal_uart.o(i.UART_DeInit) refers to hal_rcc.o(i.exRCC_APB2PeriphReset) for exRCC_APB2PeriphReset
    hal_uart.o(i.UART_Init) refers to hal_rcc.o(i.RCC_GetPCLK2Freq) for RCC_GetPCLK2Freq
    hal_uart.o(i.UART_Init) refers to hal_rcc.o(i.RCC_GetPCLK1Freq) for RCC_GetPCLK1Freq
    hal_uart.o(i.UART_Init) refers to uidiv.o(.text) for __aeabi_uidivmod
    hal_tim.o(i.TIM_DeInit) refers to hal_rcc.o(i.exRCC_APB2PeriphReset) for exRCC_APB2PeriphReset
    hal_tim.o(i.TIM_DeInit) refers to hal_rcc.o(i.exRCC_APB1PeriphReset) for exRCC_APB1PeriphReset
    hal_tim.o(i.TIM_ETRClockMode1Config) refers to hal_tim.o(i.TIM_ETRConfig) for TIM_ETRConfig
    hal_tim.o(i.TIM_ETRClockMode2Config) refers to hal_tim.o(i.TIM_ETRConfig) for TIM_ETRConfig
    hal_tim.o(i.TIM_ICInit) refers to hal_tim.o(i.TI1_Configure) for TI1_Configure
    hal_tim.o(i.TIM_ICInit) refers to hal_tim.o(i.TIM_SetIC1Prescaler) for TIM_SetIC1Prescaler
    hal_tim.o(i.TIM_ICInit) refers to hal_tim.o(i.TI2_Configure) for TI2_Configure
    hal_tim.o(i.TIM_ICInit) refers to hal_tim.o(i.TIM_SetIC2Prescaler) for TIM_SetIC2Prescaler
    hal_tim.o(i.TIM_ICInit) refers to hal_tim.o(i.TI3_Configure) for TI3_Configure
[...]
    printf5.o(i.__0vfprintf$5) refers to uart.o(i.fputc) for fputc
    printf5.o(i.__0vprintf$5) refers to printf5.o(i._printf_core) for _printf_core
    printf5.o(i.__0vprintf$5) refers to uart.o(i.fputc) for fputc
    printf5.o(i.__0vprintf$5) refers to stdout.o(.data) for __stdout
    printf5.o(i.__0vsnprintf$5) refers to printf5.o(i._printf_core) for _printf_core
    printf5.o(i.__0vsnprintf$5) refers to printf5.o(i._snputc) for _snputc
    printf5.o(i.__0vsprintf$5) refers to printf5.o(i._printf_core) for _printf_core
    printf5.o(i.__0vsprintf$5) refers to printf5.o(i._sputc) for _sputc
    printf5.o(i._printf_core) refers to uldiv.o(.text) for __aeabi_uldivmod
    printf6.o(i.__0fprintf$6) refers to printf6.o(i._printf_core) for _printf_core
    printf6.o(i.__0fprintf$6) refers to uart.o(i.fputc) for fputc
    printf6.o(i.__0printf$6) refers to printf6.o(i._printf_core) for _printf_core
    printf6.o(i.__0printf$6) refers to uart.o(i.fputc) for fputc
    printf6.o(i.__0printf$6) refers to stdout.o(.data) for __stdout
    printf6.o(i.__0snprintf$6) refers to printf6.o(i._printf_core) for _printf_core
    printf6.o(i.__0snprintf$6) refers to printf6.o(i._snputc) for _snputc
    printf6.o(i.__0sprintf$6) refers to printf6.o(i._printf_core) for _printf_core
    printf6.o(i.__0sprintf$6) refers to printf6.o(i._sputc) for _sputc
    printf6.o(i.__0vfprintf$6) refers to printf6.o(i._printf_core) for _printf_core
    printf6.o(i.__0vfprintf$6) refers to uart.o(i.fputc) for fputc
    printf6.o(i.__0vprintf$6) refers to printf6.o(i._printf_core) for _printf_core
    printf6.o(i.__0vprintf$6) refers to uart.o(i.fputc) for fputc
    printf6.o(i.__0vprintf$6) refers to stdout.o(.data) for __stdout
    printf6.o(i.__0vsnprintf$6) refers to printf6.o(i._printf_core) for _printf_core
    printf6.o(i.__0vsnprintf$6) refers to printf6.o(i._snputc) for _snputc
    printf6.o(i.__0vsprintf$6) refers to printf6.o(i._printf_core) for _printf_core
    printf6.o(i.__0vsprintf$6) refers to printf6.o(i._sputc) for _sputc
    printf6.o(i._printf_core) refers to printf6.o(i._printf_pre_padding) for _printf_pre_padding
    printf6.o(i._printf_core) refers to printf6.o(i._printf_post_padding) for _printf_post_padding
    printf6.o(i._printf_core) refers to uidiv.o(.text) for __aeabi_uidivmod
    printf7.o(i.__0fprintf$7) refers to printf7.o(i._printf_core) for _printf_core
    printf7.o(i.__0fprintf$7) refers to uart.o(i.fputc) for fputc
    printf7.o(i.__0printf$7) refers to printf7.o(i._printf_core) for _printf_core
    printf7.o(i.__0printf$7) refers to uart.o(i.fputc) for fputc
    printf7.o(i.__0printf$7) refers to stdout.o(.data) for __stdout
    printf7.o(i.__0snprintf$7) refers to printf7.o(i._printf_core) for _printf_core
    printf7.o(i.__0snprintf$7) refers to printf7.o(i._snputc) for _snputc
    printf7.o(i.__0sprintf$7) refers to printf7.o(i._printf_core) for _printf_core
    printf7.o(i.__0sprintf$7) refers to printf7.o(i._sputc) for _sputc
    printf7.o(i.__0vfprintf$7) refers to printf7.o(i._printf_core) for _printf_core
    printf7.o(i.__0vfprintf$7) refers to uart.o(i.fputc) for fputc
    printf7.o(i.__0vprintf$7) refers to printf7.o(i._printf_core) for _printf_core
    printf7.o(i.__0vprintf$7) refers to uart.o(i.fputc) for fputc
    printf7.o(i.__0vprintf$7) refers to stdout.o(.data) for __stdout
    printf7.o(i.__0vsnprintf$7) refers to printf7.o(i._printf_core) for _printf_core
    printf7.o(i.__0vsnprintf$7) refers to printf7.o(i._snputc) for _snputc
    printf7.o(i.__0vsprintf$7) refers to printf7.o(i._printf_core) for _printf_core
    printf7.o(i.__0vsprintf$7) refers to printf7.o(i._sputc) for _sputc
    printf7.o(i._printf_core) refers to printf7.o(i._printf_pre_padding) for _printf_pre_padding
    printf7.o(i._printf_core) refers to printf7.o(i._printf_post_padding) for _printf_post_padding
    printf7.o(i._printf_core) refers to uldiv.o(.text) for __aeabi_uldivmod
    printf8.o(i.__0fprintf$8) refers to printf8.o(i._printf_core) for _printf_core
    printf8.o(i.__0fprintf$8) refers to uart.o(i.fputc) for fputc
    printf8.o(i.__0printf$8) refers to printf8.o(i._printf_core) for _printf_core
    printf8.o(i.__0printf$8) refers to uart.o(i.fputc) for fputc
    printf8.o(i.__0printf$8) refers to stdout.o(.data) for __stdout
    printf8.o(i.__0snprintf$8) refers to printf8.o(i._printf_core) for _printf_core
    printf8.o(i.__0snprintf$8) refers to printf8.o(i._snputc) for _snputc
    printf8.o(i.__0sprintf$8) refers to printf8.o(i._printf_core) for _printf_core
    printf8.o(i.__0sprintf$8) refers to printf8.o(i._sputc) for _sputc
    printf8.o(i.__0vfprintf$8) refers to printf8.o(i._printf_core) for _printf_core
    printf8.o(i.__0vfprintf$8) refers to uart.o(i.fputc) for fputc
    printf8.o(i.__0vprintf$8) refers to printf8.o(i._printf_core) for _printf_core
    printf8.o(i.__0vprintf$8) refers to uart.o(i.fputc) for fputc
    printf8.o(i.__0vprintf$8) refers to stdout.o(.data) for __stdout
    printf8.o(i.__0vsnprintf$8) refers to printf8.o(i._printf_core) for _printf_core
    printf8.o(i.__0vsnprintf$8) refers to printf8.o(i._snputc) for _snputc
    printf8.o(i.__0vsprintf$8) refers to printf8.o(i._printf_core) for _printf_core
    printf8.o(i.__0vsprintf$8) refers to printf8.o(i._sputc) for _sputc
    printf8.o(i._printf_core) refers to printf8.o(i._printf_pre_padding) for _printf_pre_padding
    printf8.o(i._printf_core) refers to printf8.o(i._printf_post_padding) for _printf_post_padding
    printf8.o(i._printf_core) refers to uldiv.o(.text) for __aeabi_uldivmod
    printfa.o(i.__0fprintf) refers (Special) to iusefp.o(.text) for __I$use$fp
    printfa.o(i.__0fprintf) refers to printfa.o(i._printf_core) for _printf_core
    printfa.o(i.__0fprintf) refers to uart.o(i.fputc) for fputc
    printfa.o(i.__0printf) refers (Special) to iusefp.o(.text) for __I$use$fp
    printfa.o(i.__0printf) refers to printfa.o(i._printf_core) for _printf_core
    printfa.o(i.__0printf) refers to uart.o(i.fputc) for fputc
    printfa.o(i.__0printf) refers to stdout.o(.data) for __stdout
    printfa.o(i.__0snprintf) refers (Special) to iusefp.o(.text) for __I$use$fp
    printfa.o(i.__0snprintf) refers to printfa.o(i._printf_core) for _printf_core
    printfa.o(i.__0snprintf) refers to printfa.o(i._snputc) for _snputc
    printfa.o(i.__0sprintf) refers (Special) to iusefp.o(.text) for __I$use$fp
    printfa.o(i.__0sprintf) refers to printfa.o(i._printf_core) for _printf_core
    printfa.o(i.__0sprintf) refers to printfa.o(i._sputc) for _sputc
    printfa.o(i.__0vfprintf) refers (Special) to iusefp.o(.text) for __I$use$fp
    printfa.o(i.__0vfprintf) refers to printfa.o(i._printf_core) for _printf_core
    printfa.o(i.__0vfprintf) refers to uart.o(i.fputc) for fputc
    printfa.o(i.__0vprintf) refers (Special) to iusefp.o(.text) for __I$use$fp
    printfa.o(i.__0vprintf) refers to printfa.o(i._printf_core) for _printf_core
    printfa.o(i.__0vprintf) refers to uart.o(i.fputc) for fputc
    printfa.o(i.__0vprintf) refers to stdout.o(.data) for __stdout
    printfa.o(i.__0vsnprintf) refers (Special) to iusefp.o(.text) for __I$use$fp
    printfa.o(i.__0vsnprintf) refers to printfa.o(i._printf_core) for _printf_core
    printfa.o(i.__0vsnprintf) refers to printfa.o(i._snputc) for _snputc
    printfa.o(i.__0vsprintf) refers (Special) to iusefp.o(.text) for __I$use$fp
    printfa.o(i.__0vsprintf) refers to printfa.o(i._printf_core) for _printf_core
    printfa.o(i.__0vsprintf) refers to printfa.o(i._sputc) for _sputc
    printfa.o(i._fp_digits) refers (Special) to iusefp.o(.text) for __I$use$fp
    printfa.o(i._fp_digits) refers to dmul.o(.text) for __aeabi_dmul
    printfa.o(i._fp_digits) refers to ddiv.o(.text) for __aeabi_ddiv
    printfa.o(i._fp_digits) refers to cdrcmple.o(.text) for __aeabi_cdrcmple
    printfa.o(i._fp_digits) refers to dadd.o(.text) for __aeabi_dadd
    printfa.o(i._fp_digits) refers to dfixul.o(.text) for __aeabi_d2ulz
    printfa.o(i._fp_digits) refers to uldiv.o(.text) for __aeabi_uldivmod
    printfa.o(i._printf_core) refers (Special) to iusefp.o(.text) for __I$use$fp
    printfa.o(i._printf_core) refers to printfa.o(i._printf_pre_padding) for _printf_pre_padding
    printfa.o(i._printf_core) refers to uldiv.o(.text) for __aeabi_uldivmod
    printfa.o(i._printf_core) refers to printfa.o(i._printf_post_padding) for _printf_post_padding
    printfa.o(i._printf_core) refers to printfa.o(i._fp_digits) for _fp_digits
    printfa.o(i._printf_core) refers to uidiv.o(.text) for __aeabi_uidivmod
    printfa.o(i._printf_post_padding) refers (Special) to iusefp.o(.text) for __I$use$fp
    printfa.o(i._printf_pre_padding) refers (Special) to iusefp.o(.text) for __I$use$fp
    printfa.o(i._snputc) refers (Special) to iusefp.o(.text) for __I$use$fp
    printfa.o(i._sputc) refers (Special) to iusefp.o(.text) for __I$use$fp
    dfltui.o(.text) refers (Special) to iusefp.o(.text) for __I$use$fp
    dfltui.o(.text) refers to depilogue.o(.text) for _double_epilogue
    cdcmple.o(.text) refers (Special) to iusefp.o(.text) for __I$use$fp
    cdrcmple.o(.text) refers (Special) to iusefp.o(.text) for __I$use$fp
    entry2.o(.ARM.Collect$$$$00000001) refers to entry2.o(.ARM.Collect$$$$00002712) for __lit__00000000
    entry2.o(.ARM.Collect$$$$00002712) refers to startup_mm32spin06xx_s_keil.o(STACK) for __initial_sp
    entry2.o(__vectab_stack_and_reset_area) refers to startup_mm32spin06xx_s_keil.o(STACK) for __initial_sp
    entry2.o(__vectab_stack_and_reset_area) refers to entry.o(.ARM.Collect$$$$00000000) for __main
    entry5.o(.ARM.Collect$$$$00000004) refers to init.o(.text) for __scatterload
    entry9a.o(.ARM.Collect$$$$0000000B) refers to main.o(i.main) for main
    entry9b.o(.ARM.Collect$$$$0000000C) refers to main.o(i.main) for main
    uldiv.o(.text) refers to llushr.o(.text) for __aeabi_llsr
    uldiv.o(.text) refers to llshl.o(.text) for __aeabi_llsl
    depilogue.o(.text) refers to depilogue.o(i.__ARM_clz) for __ARM_clz
    depilogue.o(.text) refers to llshl.o(.text) for __aeabi_llsl
    depilogue.o(.text) refers to llushr.o(.text) for __aeabi_llsr
    dadd.o(.text) refers to llshl.o(.text) for __aeabi_llsl
    dadd.o(.text) refers to llsshr.o(.text) for __aeabi_lasr
    dadd.o(.text) refers to depilogue.o(.text) for _double_epilogue
    dmul.o(.text) refers to depilogue.o(.text) for _double_epilogue
    ddiv.o(.text) refers to depilogue.o(.text) for _double_round
    dfixul.o(.text) refers to llushr.o(.text) for __aeabi_llsr
    dfixul.o(.text) refers to llshl.o(.text) for __aeabi_llsl
    init.o(.text) refers to entry5.o(.ARM.Collect$$$$00000004) for __main_after_scatterload


==============================================================================

Removing Unused input sections from the image.

    Removing system_mm32spin06xx_s.o(.rev16_text), (4 bytes).
    Removing system_mm32spin06xx_s.o(.revsh_text), (4 bytes).
    Removing startup_mm32spin06xx_s_keil.o(HEAP), (512 bytes).
    Removing hal_gpio.o(.rev16_text), (4 bytes).
    Removing hal_gpio.o(.revsh_text), (4 bytes).
    Removing hal_gpio.o(i.GPIO_AFIODeInit), (52 bytes).
    Removing hal_gpio.o(i.GPIO_DeInit), (86 bytes).
    Removing hal_gpio.o(i.GPIO_PinLock), (20 bytes).
    Removing hal_gpio.o(i.GPIO_PinLockConfig), (24 bytes).
    Removing hal_gpio.o(i.GPIO_ReadInputData), (8 bytes).
    Removing hal_gpio.o(i.GPIO_ReadOutputData), (8 bytes).
    Removing hal_gpio.o(i.GPIO_Write), (4 bytes).
    Removing hal_gpio.o(i.GPIO_WriteBit), (12 bytes).
    Removing hal_gpio.o(i.exGPIO_PinAFConfig), (74 bytes).
    Removing hal_rcc.o(.rev16_text), (4 bytes).
    Removing hal_rcc.o(.revsh_text), (4 bytes).
    Removing hal_rcc.o(i.RCC_ADCCLKConfig), (24 bytes).
    Removing hal_rcc.o(i.RCC_AHBPeriphResetCmd), (32 bytes).
    Removing hal_rcc.o(i.RCC_APB1PeriphResetCmd), (32 bytes).
    Removing hal_rcc.o(i.RCC_APB2PeriphResetCmd), (32 bytes).
    Removing hal_rcc.o(i.RCC_BackupResetCmd), (24 bytes).
    Removing hal_rcc.o(i.RCC_ClearFlag), (20 bytes).
    Removing hal_rcc.o(i.RCC_ClearITPendingBit), (20 bytes).
    Removing hal_rcc.o(i.RCC_ClockSecuritySystemCmd), (24 bytes).
    Removing hal_rcc.o(i.RCC_DeInit), (64 bytes).
    Removing hal_rcc.o(i.RCC_GetFlagStatus), (56 bytes).
    Removing hal_rcc.o(i.RCC_GetITStatus), (16 bytes).
    Removing hal_rcc.o(i.RCC_GetSYSCLKSource), (16 bytes).
    Removing hal_rcc.o(i.RCC_HCLKConfig), (20 bytes).
    Removing hal_rcc.o(i.RCC_HSEConfig), (88 bytes).
    Removing hal_rcc.o(i.RCC_HSICmd), (20 bytes).
    Removing hal_rcc.o(i.RCC_ITConfig), (36 bytes).
    Removing hal_rcc.o(i.RCC_LSEConfig), (72 bytes).
    Removing hal_rcc.o(i.RCC_LSICmd), (20 bytes).
    Removing hal_rcc.o(i.RCC_MCOConfig), (24 bytes).
    Removing hal_rcc.o(i.RCC_PCLK1Config), (24 bytes).
    Removing hal_rcc.o(i.RCC_PCLK2Config), (24 bytes).
    Removing hal_rcc.o(i.RCC_PLLCmd), (24 bytes).
    Removing hal_rcc.o(i.RCC_PLLConfig), (92 bytes).
    Removing hal_rcc.o(i.RCC_PLLDMDNConfig), (32 bytes).
    Removing hal_rcc.o(i.RCC_RTCCLKCmd), (24 bytes).
    Removing hal_rcc.o(i.RCC_RTCCLKConfig), (24 bytes).
    Removing hal_rcc.o(i.RCC_SYSCLKConfig), (20 bytes).
    Removing hal_rcc.o(i.RCC_USBCLKConfig), (24 bytes).
    Removing hal_rcc.o(i.RCC_WaitForFlagStartUp), (38 bytes).
    Removing hal_rcc.o(i.RCC_WaitForHSEStartUp), (46 bytes).
    Removing hal_rcc.o(i.__NVIC_SetPriority), (120 bytes).
    Removing hal_rcc.o(i.exRCC_APB1PeriphReset), (24 bytes).
    Removing hal_rcc.o(i.exRCC_APB2PeriphReset), (24 bytes).
    Removing hal_rcc.o(i.exRCC_BackupReset), (2 bytes).
    Removing hal_rcc.o(i.exRCC_SystickDisable), (20 bytes).
    Removing hal_rcc.o(i.exRCC_SystickEnable), (72 bytes).
    Removing hal_uart.o(.rev16_text), (4 bytes).
    Removing hal_uart.o(.revsh_text), (4 bytes).
    Removing hal_uart.o(i.UART_AutoBaudRateCmd), (24 bytes).
    Removing hal_uart.o(i.UART_AutoBaudRateSet), (178 bytes).
    Removing hal_uart.o(i.UART_DMACmd), (18 bytes).
    Removing hal_uart.o(i.UART_DeInit), (44 bytes).
    Removing hal_uart.o(i.UART_Enable9bit), (16 bytes).
    Removing hal_uart.o(i.UART_HalfDuplexCmd), (16 bytes).
    Removing hal_uart.o(i.UART_ReceiverWakeUpCmd), (16 bytes).
    Removing hal_uart.o(i.UART_SendBreak), (10 bytes).
    Removing hal_uart.o(i.UART_SendData), (6 bytes).
    Removing hal_uart.o(i.UART_Set9bitAutomaticToggle), (16 bytes).
    Removing hal_uart.o(i.UART_Set9bitLevel), (16 bytes).
    Removing hal_uart.o(i.UART_Set9bitPolarity), (14 bytes).
    Removing hal_uart.o(i.UART_SetGuardTime), (16 bytes).
    Removing hal_uart.o(i.UART_SetRXAddress), (12 bytes).
    Removing hal_uart.o(i.UART_SetRXMASK), (12 bytes).
    Removing hal_uart.o(i.UART_SmartCardCmd), (12 bytes).
    Removing hal_uart.o(i.UART_SmartCardNACKCmd), (14 bytes).
    Removing hal_uart.o(i.UART_WakeUpConfig), (14 bytes).
    Removing hal_misc.o(.rev16_text), (4 bytes).
    Removing hal_misc.o(.revsh_text), (4 bytes).
    Removing hal_misc.o(i.NVIC_SystemLPConfig), (32 bytes).
    Removing hal_misc.o(i.SysTick_CLKSourceConfig), (36 bytes).
    Removing hal_tim.o(.rev16_text), (4 bytes).
    Removing hal_tim.o(.revsh_text), (4 bytes).
    Removing hal_tim.o(i.TI1_Configure), (32 bytes).
    Removing hal_tim.o(i.TI2_Configure), (38 bytes).
    Removing hal_tim.o(i.TI3_Configure), (38 bytes).
    Removing hal_tim.o(i.TI4_Configure), (42 bytes).
    Removing hal_tim.o(i.TIM_BDTRConfig), (30 bytes).
    Removing hal_tim.o(i.TIM_BDTRStructInit), (18 bytes).
    Removing hal_tim.o(i.TIM_CCPreloadControl), (24 bytes).
    Removing hal_tim.o(i.TIM_CCxCmd), (20 bytes).
    Removing hal_tim.o(i.TIM_CCxNCmd), (24 bytes).
    Removing hal_tim.o(i.TIM_ClearOC1Ref), (12 bytes).
    Removing hal_tim.o(i.TIM_ClearOC2Ref), (16 bytes).
    Removing hal_tim.o(i.TIM_ClearOC3Ref), (12 bytes).
    Removing hal_tim.o(i.TIM_ClearOC4Ref), (16 bytes).
    Removing hal_tim.o(i.TIM_CounterModeConfig), (12 bytes).
    Removing hal_tim.o(i.TIM_CtrlPWMOutputs), (28 bytes).
    Removing hal_tim.o(i.TIM_DMACmd), (20 bytes).
    Removing hal_tim.o(i.TIM_DMAConfig), (8 bytes).
    Removing hal_tim.o(i.TIM_DeInit), (124 bytes).
    Removing hal_tim.o(i.TIM_ETRClockMode1Config), (34 bytes).
    Removing hal_tim.o(i.TIM_ETRClockMode2Config), (34 bytes).
    Removing hal_tim.o(i.TIM_ETRConfig), (50 bytes).
    Removing hal_tim.o(i.TIM_EncoderInterfaceConfig), (44 bytes).
    Removing hal_tim.o(i.TIM_ForcedOC1Config), (12 bytes).
    Removing hal_tim.o(i.TIM_ForcedOC2Config), (16 bytes).
    Removing hal_tim.o(i.TIM_ForcedOC3Config), (12 bytes).
    Removing hal_tim.o(i.TIM_ForcedOC4Config), (16 bytes).
    Removing hal_tim.o(i.TIM_GenerateEvent), (4 bytes).
    Removing hal_tim.o(i.TIM_GetCapture1), (6 bytes).
    Removing hal_tim.o(i.TIM_GetCapture2), (6 bytes).
    Removing hal_tim.o(i.TIM_GetCapture3), (6 bytes).
    Removing hal_tim.o(i.TIM_GetCapture4), (6 bytes).
    Removing hal_tim.o(i.TIM_GetCounter), (6 bytes).
    Removing hal_tim.o(i.TIM_GetFlagStatus), (18 bytes).
    Removing hal_tim.o(i.TIM_GetPrescaler), (8 bytes).
    Removing hal_tim.o(i.TIM_ICInit), (120 bytes).
    Removing hal_tim.o(i.TIM_ICStructInit), (18 bytes).
    Removing hal_tim.o(i.TIM_ITRxExternalClockConfig), (24 bytes).
    Removing hal_tim.o(i.TIM_InternalClockConfig), (10 bytes).
    Removing hal_tim.o(i.TIM_OC1FastConfig), (12 bytes).
    Removing hal_tim.o(i.TIM_OC1Init), (100 bytes).
    Removing hal_tim.o(i.TIM_OC1NPolarityConfig), (12 bytes).
    Removing hal_tim.o(i.TIM_OC1PolarityConfig), (12 bytes).
    Removing hal_tim.o(i.TIM_OC1PreloadConfig), (12 bytes).
    Removing hal_tim.o(i.TIM_OC2FastConfig), (16 bytes).
    Removing hal_tim.o(i.TIM_OC2Init), (96 bytes).
    Removing hal_tim.o(i.TIM_OC2NPolarityConfig), (14 bytes).
    Removing hal_tim.o(i.TIM_OC2PolarityConfig), (14 bytes).
    Removing hal_tim.o(i.TIM_OC2PreloadConfig), (16 bytes).
    Removing hal_tim.o(i.TIM_OC3FastConfig), (12 bytes).
    Removing hal_tim.o(i.TIM_OC3Init), (92 bytes).
    Removing hal_tim.o(i.TIM_OC3NPolarityConfig), (16 bytes).
    Removing hal_tim.o(i.TIM_OC3PolarityConfig), (16 bytes).
    Removing hal_tim.o(i.TIM_OC3PreloadConfig), (12 bytes).
    Removing hal_tim.o(i.TIM_OC4FastConfig), (16 bytes).
    Removing hal_tim.o(i.TIM_OC4Init), (72 bytes).
    Removing hal_tim.o(i.TIM_OC4PolarityConfig), (16 bytes).
    Removing hal_tim.o(i.TIM_OC4PreloadConfig), (16 bytes).
    Removing hal_tim.o(i.TIM_OCStructInit), (20 bytes).
    Removing hal_tim.o(i.TIM_PWMIConfig), (128 bytes).
    Removing hal_tim.o(i.TIM_PWMShiftConfig), (20 bytes).
    Removing hal_tim.o(i.TIM_PrescalerConfig), (6 bytes).
    Removing hal_tim.o(i.TIM_SelectCCDMA), (24 bytes).
    Removing hal_tim.o(i.TIM_SelectCOM), (24 bytes).
    Removing hal_tim.o(i.TIM_SelectHallSensor), (24 bytes).
    Removing hal_tim.o(i.TIM_SelectInputTrigger), (12 bytes).
    Removing hal_tim.o(i.TIM_SelectMasterSlaveMode), (12 bytes).
    Removing hal_tim.o(i.TIM_SelectOCxM), (92 bytes).
    Removing hal_tim.o(i.TIM_SelectOnePulseMode), (12 bytes).
    Removing hal_tim.o(i.TIM_SelectOutputTrigger), (12 bytes).
    Removing hal_tim.o(i.TIM_SelectSlaveMode), (12 bytes).
    Removing hal_tim.o(i.TIM_SetAutoreload), (4 bytes).
    Removing hal_tim.o(i.TIM_SetCCR1FALL), (16 bytes).
    Removing hal_tim.o(i.TIM_SetCCR2FALL), (16 bytes).
    Removing hal_tim.o(i.TIM_SetCCR3FALL), (16 bytes).
    Removing hal_tim.o(i.TIM_SetCCR4FALL), (16 bytes).
    Removing hal_tim.o(i.TIM_SetCCR5FALL), (16 bytes).
    Removing hal_tim.o(i.TIM_SetClockDivision), (14 bytes).
    Removing hal_tim.o(i.TIM_SetCompare1), (18 bytes).
    Removing hal_tim.o(i.TIM_SetCompare2), (18 bytes).
    Removing hal_tim.o(i.TIM_SetCompare3), (18 bytes).
    Removing hal_tim.o(i.TIM_SetCompare4), (18 bytes).
    Removing hal_tim.o(i.TIM_SetCounter), (18 bytes).
    Removing hal_tim.o(i.TIM_SetIC1Prescaler), (12 bytes).
    Removing hal_tim.o(i.TIM_SetIC2Prescaler), (16 bytes).
    Removing hal_tim.o(i.TIM_SetIC3Prescaler), (12 bytes).
    Removing hal_tim.o(i.TIM_SetIC4Prescaler), (16 bytes).
    Removing hal_tim.o(i.TIM_TIxExternalClockConfig), (58 bytes).
    Removing hal_tim.o(i.TIM_UpdateDisableConfig), (24 bytes).
    Removing hal_tim.o(i.TIM_UpdateRequestConfig), (12 bytes).
    Removing hal_tim.o(i.exTIM_ClearOC5Ref), (12 bytes).
    Removing hal_tim.o(i.exTIM_GetCapture5), (6 bytes).
    Removing hal_tim.o(i.exTIM_OC5FastConfig), (12 bytes).
    Removing hal_tim.o(i.exTIM_OC5Init), (60 bytes).
    Removing hal_tim.o(i.exTIM_OC5PolarityConfig), (16 bytes).
    Removing hal_tim.o(i.exTIM_OC5PreloadConfig), (12 bytes).
    Removing hal_tim.o(i.exTIM_SetCompare5), (6 bytes).
    Removing hal_tim.o(i.exTIM_SetIC1Plority), (24 bytes).
    Removing hal_tim.o(i.exTIM_SetIC2Plority), (24 bytes).
    Removing hal_tim.o(i.exTIM_SetIC3Plority), (28 bytes).
    Removing hal_tim.o(i.exTIM_SetIC4Plority), (28 bytes).
    Removing hal_spi.o(.rev16_text), (4 bytes).
    Removing hal_spi.o(.revsh_text), (4 bytes).
    Removing hal_spi.o(i.SPI_ClearITPendingBit), (8 bytes).
    Removing hal_spi.o(i.SPI_DMACmd), (28 bytes).
    Removing hal_spi.o(i.SPI_DataSizeConfig), (20 bytes).
    Removing hal_spi.o(i.SPI_DataSizeTypeConfig), (18 bytes).
    Removing hal_spi.o(i.SPI_DeInit), (72 bytes).
    Removing hal_spi.o(i.SPI_FifoTrigger), (20 bytes).
    Removing hal_spi.o(i.SPI_GetFlagStatus), (18 bytes).
    Removing hal_spi.o(i.SPI_GetITStatus), (18 bytes).
    Removing hal_spi.o(i.SPI_ITConfig), (38 bytes).
    Removing hal_spi.o(i.SPI_NSSInternalSoftwareConfig), (28 bytes).
    Removing hal_spi.o(i.SPI_ReceiveData), (50 bytes).
    Removing hal_spi.o(i.SPI_RxBytes), (4 bytes).
    Removing hal_spi.o(i.SPI_SendData), (42 bytes).
    Removing hal_spi.o(i.SPI_SlaveAdjust), (24 bytes).
    Removing hal_spi.o(i.exSPI_CSInternalSelected), (24 bytes).
    Removing hal_spi.o(i.exSPI_DMACmd), (28 bytes).
    Removing hal_spi.o(i.exSPI_DataEdgeAdjust), (58 bytes).
    Removing hal_spi.o(i.exSPI_ITCmd), (24 bytes).
    Removing hal_spi.o(i.exSPI_ITConfig), (20 bytes).
    Removing hal_can.o(.rev16_text), (4 bytes).
    Removing hal_can.o(.revsh_text), (4 bytes).
    Removing hal_can.o(i.CAN_CancelTransmit), (6 bytes).
    Removing hal_can.o(i.CAN_DeInit), (14 bytes).
    Removing hal_can.o(i.CAN_FilterInit), (16 bytes).
    Removing hal_can.o(i.CAN_GetITStatus), (22 bytes).
    Removing hal_can.o(i.CAN_ITConfig), (20 bytes).
    Removing hal_can.o(i.CAN_Init), (110 bytes).
    Removing hal_can.o(i.CAN_Peli_FilterInit), (76 bytes).
    Removing hal_can.o(i.CAN_Peli_FilterStructInit), (20 bytes).
    Removing hal_can.o(i.CAN_Peli_GetITStatus), (24 bytes).
    Removing hal_can.o(i.CAN_Peli_GetLSBTransmitErrorCounter), (12 bytes).
    Removing hal_can.o(i.CAN_Peli_GetLastErrorCode), (12 bytes).
    Removing hal_can.o(i.CAN_Peli_GetReceiveErrorCounter), (12 bytes).
    Removing hal_can.o(i.CAN_Peli_GetRxFIFOInfo), (12 bytes).
    Removing hal_can.o(i.CAN_Peli_SleepMode_Cmd), (36 bytes).
    Removing hal_can.o(i.CAN_Peli_TransmitRepeat), (172 bytes).
    Removing hal_can.o(i.CAN_Receive), (100 bytes).
    Removing hal_can.o(i.CAN_Sleep), (18 bytes).
    Removing hal_can.o(i.CAN_StructInit), (24 bytes).
    Removing hal_can.o(i.CAN_Transmit), (72 bytes).
    Removing hal_can.o(i.CAN_WakeUp), (22 bytes).
    Removing delay.o(.rev16_text), (4 bytes).
    Removing delay.o(.revsh_text), (4 bytes).
    Removing uart.o(.rev16_text), (4 bytes).
    Removing uart.o(.revsh_text), (4 bytes).
    Removing uart.o(i.Cmd_Exe), (172 bytes).
    Removing uart.o(i.Size_buff), (28 bytes).
    Removing uart.o(i._sys_exit), (4 bytes).
    Removing uart.o(i.fputc), (28 bytes).
    Removing uart.o(i.uart_status), (40 bytes).
    Removing gpio.o(.rev16_text), (4 bytes).
    Removing gpio.o(.revsh_text), (4 bytes).
    Removing gpio.o(i.Motor_StepDir_GPIO_init), (44 bytes).
    Removing tim3_pwm_input.o(.rev16_text), (4 bytes).
    Removing tim3_pwm_input.o(.revsh_text), (4 bytes).
    Removing tim3_pwm_input.o(i.TIM2_GPIO_Init), (48 bytes).
    Removing tim3_pwm_input.o(i.TIM2_Init), (48 bytes).
    Removing tim3_pwm_input.o(i.TIM2_PWM_Init), (80 bytes).
    Removing tim3_pwm_input.o(i.TIM3_GPIO_Init), (52 bytes).
    Removing tim3_pwm_input.o(.data), (5 bytes).
    Removing spi.o(.rev16_text), (4 bytes).
    Removing spi.o(.revsh_text), (4 bytes).
    Removing spi.o(i.SPI1_read), (54 bytes).
    Removing spi.o(i.SPI1_write), (64 bytes).
    Removing spi.o(i.W25xx_CS_Low), (16 bytes).
    Removing spi.o(i.myspi_del), (20 bytes).
    Removing spi.o(i.sendData), (140 bytes).
    Removing spi.o(i.spi_read_write), (40 bytes).
    Removing spi.o(i.tmc5160_init), (172 bytes).
    Removing can.o(.rev16_text), (4 bytes).
    Removing can.o(.revsh_text), (4 bytes).
    Removing motorcan.o(.rev16_text), (4 bytes).
    Removing motorcan.o(.revsh_text), (4 bytes).
    Removing motorcan.o(i.GetMotorSpeed_Torque_Pos), (48 bytes).
    Removing motorcan.o(i.PollingMotorSta), (36 bytes).
    Removing motormove.o(.rev16_text), (4 bytes).
    Removing motormove.o(.revsh_text), (4 bytes).
    Removing main.o(.rev16_text), (4 bytes).
    Removing main.o(.revsh_text), (4 bytes).
    Removing dadd.o(.text), (356 bytes).
    Removing dmul.o(.text), (208 bytes).
    Removing ddiv.o(.text), (240 bytes).
    Removing dfixul.o(.text), (64 bytes).

263 unused section(s) (total 8581 bytes) removed from the image.

==============================================================================

Image Symbol Table

    Local Symbols

    Symbol Name                              Value     Ov Type        Size  Object(Section)

    ../clib/../cmprslib/zerorunl2.c          0x00000000   Number         0  __dczerorl2.o ABSOLUTE
    ../clib/microlib/division.c              0x00000000   Number         0  uidiv.o ABSOLUTE
    ../clib/microlib/division.c              0x00000000   Number         0  uldiv.o ABSOLUTE
    ../clib/microlib/init/entry.s            0x00000000   Number         0  entry5.o ABSOLUTE
    ../clib/microlib/init/entry.s            0x00000000   Number         0  entry9b.o ABSOLUTE
    ../clib/microlib/init/entry.s            0x00000000   Number         0  entry9a.o ABSOLUTE
    ../clib/microlib/init/entry.s            0x00000000   Number         0  entry2.o ABSOLUTE
    ../clib/microlib/init/entry.s            0x00000000   Number         0  entry8b.o ABSOLUTE
    ../clib/microlib/init/entry.s            0x00000000   Number         0  entry8a.o ABSOLUTE
    ../clib/microlib/init/entry.s            0x00000000   Number         0  entry7b.o ABSOLUTE
    ../clib/microlib/init/entry.s            0x00000000   Number         0  entry7a.o ABSOLUTE
    ../clib/microlib/init/entry.s            0x00000000   Number         0  entry10b.o ABSOLUTE
    ../clib/microlib/init/entry.s            0x00000000   Number         0  entry.o ABSOLUTE
    ../clib/microlib/init/entry.s            0x00000000   Number         0  entry11a.o ABSOLUTE
    ../clib/microlib/init/entry.s            0x00000000   Number         0  entry11b.o ABSOLUTE
    ../clib/microlib/init/entry.s            0x00000000   Number         0  entry10a.o ABSOLUTE
    ../clib/microlib/longlong.c              0x00000000   Number         0  llsshr.o ABSOLUTE
    ../clib/microlib/longlong.c              0x00000000   Number         0  llushr.o ABSOLUTE
    ../clib/microlib/longlong.c              0x00000000   Number         0  llshl.o ABSOLUTE
    ../clib/microlib/printf/printf.c         0x00000000   Number         0  printfb.o ABSOLUTE
    ../clib/microlib/printf/printf.c         0x00000000   Number         0  printf3.o ABSOLUTE
    ../clib/microlib/printf/printf.c         0x00000000   Number         0  printf1.o ABSOLUTE
    ../clib/microlib/printf/printf.c         0x00000000   Number         0  printfa.o ABSOLUTE
    ../clib/microlib/printf/printf.c         0x00000000   Number         0  printf2.o ABSOLUTE
    ../clib/microlib/printf/printf.c         0x00000000   Number         0  printf8.o ABSOLUTE
    ../clib/microlib/printf/printf.c         0x00000000   Number         0  printf7.o ABSOLUTE
    ../clib/microlib/printf/printf.c         0x00000000   Number         0  printf6.o ABSOLUTE
    ../clib/microlib/printf/printf.c         0x00000000   Number         0  printf5.o ABSOLUTE
    ../clib/microlib/printf/printf.c         0x00000000   Number         0  printf4.o ABSOLUTE
    ../clib/microlib/printf/printf.c         0x00000000   Number         0  printf0.o ABSOLUTE
    ../clib/microlib/printf/stubs.s          0x00000000   Number         0  stubs.o ABSOLUTE
    ../clib/microlib/stdio/streams.c         0x00000000   Number         0  stdout.o ABSOLUTE
    ../clib/microlib/string/memcpy.c         0x00000000   Number         0  memcpyb.o ABSOLUTE
    ../clib/microlib/string/memcpy.c         0x00000000   Number         0  memcpya.o ABSOLUTE
    ../clib/microlib/string/memset.c         0x00000000   Number         0  memseta.o ABSOLUTE
    ../clib/microlib/stubs.s                 0x00000000   Number         0  iusefp.o ABSOLUTE
    ../fplib/microlib/fpadd.c                0x00000000   Number         0  dadd.o ABSOLUTE
    ../fplib/microlib/fpdiv.c                0x00000000   Number         0  ddiv.o ABSOLUTE
    ../fplib/microlib/fpepilogue.c           0x00000000   Number         0  depilogue.o ABSOLUTE
    ../fplib/microlib/fpfix.c                0x00000000   Number         0  dfixul.o ABSOLUTE
    ../fplib/microlib/fpflt.c                0x00000000   Number         0  dfltui.o ABSOLUTE
    ../fplib/microlib/fpmul.c                0x00000000   Number         0  dmul.o ABSOLUTE
    ..\MM32SPIN06xx_s\HAL_Lib\Src\hal_can.c  0x00000000   Number         0  hal_can.o ABSOLUTE
    ..\MM32SPIN06xx_s\HAL_Lib\Src\hal_gpio.c 0x00000000   Number         0  hal_gpio.o ABSOLUTE
    ..\MM32SPIN06xx_s\HAL_Lib\Src\hal_misc.c 0x00000000   Number         0  hal_misc.o ABSOLUTE
    ..\MM32SPIN06xx_s\HAL_Lib\Src\hal_rcc.c  0x00000000   Number         0  hal_rcc.o ABSOLUTE
    ..\MM32SPIN06xx_s\HAL_Lib\Src\hal_spi.c  0x00000000   Number         0  hal_spi.o ABSOLUTE
    ..\MM32SPIN06xx_s\HAL_Lib\Src\hal_tim.c  0x00000000   Number         0  hal_tim.o ABSOLUTE
    ..\MM32SPIN06xx_s\HAL_Lib\Src\hal_uart.c 0x00000000   Number         0  hal_uart.o ABSOLUTE
    ..\MM32SPIN06xx_s\Source\KEIL_StartAsm\startup_mm32spin06xx_s_keil.s 0x00000000   Number         0  startup_mm32spin06xx_s_keil.o ABSOLUTE
    ..\MM32SPIN06xx_s\Source\system_mm32spin06xx_s.c 0x00000000   Number         0  system_mm32spin06xx_s.o ABSOLUTE
    ..\USER\GPIO.c                           0x00000000   Number         0  gpio.o ABSOLUTE
    ..\USER\MotorCan.c                       0x00000000   Number         0  motorcan.o ABSOLUTE
    ..\USER\MotorMove.c                      0x00000000   Number         0  motormove.o ABSOLUTE
    ..\USER\can.c                            0x00000000   Number         0  can.o ABSOLUTE
    ..\USER\delay.c                          0x00000000   Number         0  delay.o ABSOLUTE
    ..\USER\main.c                           0x00000000   Number         0  main.o ABSOLUTE
    ..\USER\spi.c                            0x00000000   Number         0  spi.o ABSOLUTE
    ..\USER\tim3_pwm_input.c                 0x00000000   Number         0  tim3_pwm_input.o ABSOLUTE
    ..\USER\uart.c                           0x00000000   Number         0  uart.o ABSOLUTE
    ..\\MM32SPIN06xx_s\\HAL_Lib\\Src\\hal_can.c 0x00000000   Number         0  hal_can.o ABSOLUTE
    ..\\MM32SPIN06xx_s\\HAL_Lib\\Src\\hal_gpio.c 0x00000000   Number         0  hal_gpio.o ABSOLUTE
    ..\\MM32SPIN06xx_s\\HAL_Lib\\Src\\hal_misc.c 0x00000000   Number         0  hal_misc.o ABSOLUTE
    ..\\MM32SPIN06xx_s\\HAL_Lib\\Src\\hal_rcc.c 0x00000000   Number         0  hal_rcc.o ABSOLUTE
    ..\\MM32SPIN06xx_s\\HAL_Lib\\Src\\hal_spi.c 0x00000000   Number         0  hal_spi.o ABSOLUTE
    ..\\MM32SPIN06xx_s\\HAL_Lib\\Src\\hal_tim.c 0x00000000   Number         0  hal_tim.o ABSOLUTE
    ..\\MM32SPIN06xx_s\\HAL_Lib\\Src\\hal_uart.c 0x00000000   Number         0  hal_uart.o ABSOLUTE
    ..\\MM32SPIN06xx_s\\Source\\system_mm32spin06xx_s.c 0x00000000   Number         0  system_mm32spin06xx_s.o ABSOLUTE
    ..\\USER\\GPIO.c                         0x00000000   Number         0  gpio.o ABSOLUTE
    ..\\USER\\MotorCan.c                     0x00000000   Number         0  motorcan.o ABSOLUTE
    ..\\USER\\MotorMove.c                    0x00000000   Number         0  motormove.o ABSOLUTE
    ..\\USER\\can.c                          0x00000000   Number         0  can.o ABSOLUTE
    ..\\USER\\delay.c                        0x00000000   Number         0  delay.o ABSOLUTE
    ..\\USER\\main.c                         0x00000000   Number         0  main.o ABSOLUTE
    ..\\USER\\spi.c                          0x00000000   Number         0  spi.o ABSOLUTE
    ..\\USER\\tim3_pwm_input.c               0x00000000   Number         0  tim3_pwm_input.o ABSOLUTE
    ..\\USER\\uart.c                         0x00000000   Number         0  uart.o ABSOLUTE
    cdcmple.s                                0x00000000   Number         0  cdcmple.o ABSOLUTE
    cdrcmple.s                               0x00000000   Number         0  cdrcmple.o ABSOLUTE
    dc.s                                     0x00000000   Number         0  dc.o ABSOLUTE
    handlers.s                               0x00000000   Number         0  handlers.o ABSOLUTE
    init.s                                   0x00000000   Number         0  init.o ABSOLUTE
    RESET                                    0x08000000   Section      192  startup_mm32spin06xx_s_keil.o(RESET)
    .ARM.Collect$$$$00000000                 0x080000c0   Section        0  entry.o(.ARM.Collect$$$$00000000)
    .ARM.Collect$$$$00000001                 0x080000c0   Section        4  entry2.o(.ARM.Collect$$$$00000001)
    .ARM.Collect$$$$00000004                 0x080000c4   Section        4  entry5.o(.ARM.Collect$$$$00000004)
    .ARM.Collect$$$$00000008                 0x080000c8   Section        0  entry7b.o(.ARM.Collect$$$$00000008)
    .ARM.Collect$$$$0000000A                 0x080000c8   Section        0  entry8b.o(.ARM.Collect$$$$0000000A)
    .ARM.Collect$$$$0000000B                 0x080000c8   Section        8  entry9a.o(.ARM.Collect$$$$0000000B)
    .ARM.Collect$$$$0000000D                 0x080000d0   Section        0  entry10a.o(.ARM.Collect$$$$0000000D)
    .ARM.Collect$$$$0000000F                 0x080000d0   Section        0  entry11a.o(.ARM.Collect$$$$0000000F)
    .ARM.Collect$$$$00002712                 0x080000d0   Section        4  entry2.o(.ARM.Collect$$$$00002712)
    __lit__00000000                          0x080000d0   Data           4  entry2.o(.ARM.Collect$$$$00002712)
    .text                                    0x080000d4   Section       96  startup_mm32spin06xx_s_keil.o(.text)
    .text                                    0x08000134   Section        0  uidiv.o(.text)
    .text                                    0x08000160   Section        0  memcpya.o(.text)
    .text                                    0x08000184   Section        0  memseta.o(.text)
    .text                                    0x080001a8   Section        0  dfltui.o(.text)
    .text                                    0x080001c4   Section       40  cdcmple.o(.text)
    .text                                    0x080001ec   Section       40  cdrcmple.o(.text)
    .text                                    0x08000214   Section        0  iusefp.o(.text)
    .text                                    0x08000214   Section        0  depilogue.o(.text)
    .text                                    0x080002d4   Section       36  init.o(.text)
    .text                                    0x080002f8   Section        0  llshl.o(.text)
    .text                                    0x08000318   Section        0  llushr.o(.text)
    .text                                    0x0800033a   Section        0  __dczerorl2.o(.text)
    i.AutoCalPllFactor                       0x08000390   Section        0  system_mm32spin06xx_s.o(i.AutoCalPllFactor)
    i.CAN_AutoCfg_BaudParam                  0x080003fa   Section        0  hal_can.o(i.CAN_AutoCfg_BaudParam)
    i.CAN_ClearDataOverflow                  0x08000482   Section        0  hal_can.o(i.CAN_ClearDataOverflow)
    i.CAN_ClearITPendingBit                  0x0800048c   Section        0  hal_can.o(i.CAN_ClearITPendingBit)
    i.CAN_FIFORelease                        0x08000494   Section        0  hal_can.o(i.CAN_FIFORelease)
    i.CAN_Filter0_19                         0x080004a0   Section        0  can.o(i.CAN_Filter0_19)
    i.CAN_Filter_20GroupInit                 0x08000654   Section        0  can.o(i.CAN_Filter_20GroupInit)
    i.CAN_GPIO_Config                        0x080006dc   Section        0  can.o(i.CAN_GPIO_Config)
    CAN_GPIO_Config                          0x080006dd   Thumb Code   128  can.o(i.CAN_GPIO_Config)
    i.CAN_GetFlagStatus                      0x0800075c   Section        0  hal_can.o(i.CAN_GetFlagStatus)
    i.CAN_IRQHandler                         0x08000770   Section        0  can.o(i.CAN_IRQHandler)
    i.CAN_Mode_Cmd                           0x08000830   Section        0  hal_can.o(i.CAN_Mode_Cmd)
    i.CAN_Peli_ITConfig                      0x08000838   Section        0  hal_can.o(i.CAN_Peli_ITConfig)
    i.CAN_Peli_Init                          0x08000858   Section        0  hal_can.o(i.CAN_Peli_Init)
    i.CAN_Peli_Receive                       0x080008e4   Section        0  hal_can.o(i.CAN_Peli_Receive)
    i.CAN_Peli_StructInit                    0x080009b0   Section        0  hal_can.o(i.CAN_Peli_StructInit)
    i.CAN_Peli_Transmit                      0x080009cc   Section        0  hal_can.o(i.CAN_Peli_Transmit)
    i.CAN_ResetMode_Cmd                      0x08000a78   Section        0  hal_can.o(i.CAN_ResetMode_Cmd)
    i.ClearMStat                             0x08000a90   Section        0  motorcan.o(i.ClearMStat)
    i.CloseKnife                             0x08000b14   Section        0  motormove.o(i.CloseKnife)
    i.Cmd_pack                               0x08000c54   Section        0  uart.o(i.Cmd_pack)
    i.DELAY_Init                             0x08000d20   Section        0  delay.o(i.DELAY_Init)
    i.DELAY_Ms                               0x08000d74   Section        0  delay.o(i.DELAY_Ms)
    i.DataAnalyze                            0x08000d8c   Section        0  motorcan.o(i.DataAnalyze)
    i.DreMoveZero                            0x08001010   Section        0  motormove.o(i.DreMoveZero)
    i.EnableOrClearALarm                     0x08001318   Section        0  motormove.o(i.EnableOrClearALarm)
    i.GPIO_Init                              0x0800136c   Section        0  hal_gpio.o(i.GPIO_Init)
    i.GPIO_PinAFConfig                       0x08001406   Section        0  hal_gpio.o(i.GPIO_PinAFConfig)
    i.GPIO_ReadInputDataBit                  0x0800142e   Section        0  hal_gpio.o(i.GPIO_ReadInputDataBit)
    i.GPIO_ReadOutputDataBit                 0x08001440   Section        0  hal_gpio.o(i.GPIO_ReadOutputDataBit)
    i.GPIO_ResetBits                         0x08001452   Section        0  hal_gpio.o(i.GPIO_ResetBits)
    i.GPIO_SetBits                           0x08001456   Section        0  hal_gpio.o(i.GPIO_SetBits)
    i.GPIO_StructInit                        0x0800145a   Section        0  hal_gpio.o(i.GPIO_StructInit)
    i.GetCAN_FilterNum                       0x0800146c   Section        0  can.o(i.GetCAN_FilterNum)
    i.Input_Init                             0x08001488   Section        0  gpio.o(i.Input_Init)
    i.KnifeSelection                         0x080014c8   Section        0  motormove.o(i.KnifeSelection)
    i.LED_Init                               0x080015d4   Section        0  gpio.o(i.LED_Init)
    i.MRevbuffEmpty                          0x08001638   Section        0  motorcan.o(i.MRevbuffEmpty)
    i.MRevbuffFull                           0x0800164a   Section        0  motorcan.o(i.MRevbuffFull)
    i.MRevbuffLen                            0x08001666   Section        0  motorcan.o(i.MRevbuffLen)
    i.MotorCanInit                           0x08001680   Section        0  motormove.o(i.MotorCanInit)
    i.MotorMoveStandard                      0x08001804   Section        0  motormove.o(i.MotorMoveStandard)
    MotorMoveStandard                        0x08001805   Thumb Code    78  motormove.o(i.MotorMoveStandard)
    i.MotorSendCanData                       0x0800185c   Section        0  motorcan.o(i.MotorSendCanData)
    i.MoveSeepMode                           0x080018dc   Section        0  motormove.o(i.MoveSeepMode)
    i.MoveToTargetPos                        0x08001940   Section        0  motormove.o(i.MoveToTargetPos)
    i.MoveZero                               0x080019b4   Section        0  motormove.o(i.MoveZero)
    i.NVIC_Configure                         0x08001a98   Section        0  tim3_pwm_input.o(i.NVIC_Configure)
    i.NVIC_Init                              0x08001ab4   Section        0  hal_misc.o(i.NVIC_Init)
    i.Queue_init                             0x08001b1c   Section        0  uart.o(i.Queue_init)
    i.RCC_AHBPeriphClockCmd                  0x08001b44   Section        0  hal_rcc.o(i.RCC_AHBPeriphClockCmd)
    i.RCC_APB1PeriphClockCmd                 0x08001b64   Section        0  hal_rcc.o(i.RCC_APB1PeriphClockCmd)
    i.RCC_APB2PeriphClockCmd                 0x08001b84   Section        0  hal_rcc.o(i.RCC_APB2PeriphClockCmd)
    i.RCC_GetClocksFreq                      0x08001ba4   Section        0  hal_rcc.o(i.RCC_GetClocksFreq)
    i.RCC_GetHCLKFreq                        0x08001bec   Section        0  hal_rcc.o(i.RCC_GetHCLKFreq)
    i.RCC_GetPCLK1Freq                       0x08001c0c   Section        0  hal_rcc.o(i.RCC_GetPCLK1Freq)
    i.RCC_GetPCLK2Freq                       0x08001c30   Section        0  hal_rcc.o(i.RCC_GetPCLK2Freq)
    i.RCC_GetSysClockFreq                    0x08001c54   Section        0  hal_rcc.o(i.RCC_GetSysClockFreq)
    i.ReadAnPackData                         0x08001cd4   Section        0  motorcan.o(i.ReadAnPackData)
    i.ReadMotorOriginalEncodedVal            0x08001d44   Section        0  motormove.o(i.ReadMotorOriginalEncodedVal)
    i.RestStep1                              0x08001d84   Section        0  motormove.o(i.RestStep1)
    i.RestStep2                              0x08001e74   Section        0  motormove.o(i.RestStep2)
    i.RestStep3                              0x08001f94   Section        0  motormove.o(i.RestStep3)
    i.SPI2_Config                            0x08002010   Section        0  spi.o(i.SPI2_Config)
    SPI2_Config                              0x08002011   Thumb Code    82  spi.o(i.SPI2_Config)
    i.SPI2_GPIO_Config                       0x08002062   Section        0  spi.o(i.SPI2_GPIO_Config)
    SPI2_GPIO_Config                         0x08002063   Thumb Code   166  spi.o(i.SPI2_GPIO_Config)
    i.SPI_1_32bit_Init                       0x08002108   Section        0  spi.o(i.SPI_1_32bit_Init)
    i.SPI_BiDirectionalLineConfig            0x0800211c   Section        0  hal_spi.o(i.SPI_BiDirectionalLineConfig)
    i.SPI_CSInternalSelected                 0x0800215c   Section        0  hal_spi.o(i.SPI_CSInternalSelected)
    i.SPI_Cmd                                0x08002174   Section        0  hal_spi.o(i.SPI_Cmd)
    i.SPI_Init                               0x0800218c   Section        0  hal_spi.o(i.SPI_Init)
    i.SPI_StructInit                         0x08002218   Section        0  hal_spi.o(i.SPI_StructInit)
    i.ScissorsReset                          0x08002238   Section        0  motormove.o(i.ScissorsReset)
    i.Send_CANFrame                          0x080022c8   Section        0  can.o(i.Send_CANFrame)
    i.SetSysClock                            0x08002338   Section        0  system_mm32spin06xx_s.o(i.SetSysClock)
    SetSysClock                              0x08002339   Thumb Code     8  system_mm32spin06xx_s.o(i.SetSysClock)
    i.SetSysClockToXX                        0x08002340   Section        0  system_mm32spin06xx_s.o(i.SetSysClockToXX)
    SetSysClockToXX                          0x08002341   Thumb Code   368  system_mm32spin06xx_s.o(i.SetSysClockToXX)
    i.SysTick_Handler                        0x080024cc   Section        0  delay.o(i.SysTick_Handler)
    i.SystemInit                             0x080024d4   Section        0  system_mm32spin06xx_s.o(i.SystemInit)
    i.TIM2_IRQHandler                        0x08002540   Section        0  tim3_pwm_input.o(i.TIM2_IRQHandler)
    i.TIM3_IRQHandler                        0x08002598   Section        0  tim3_pwm_input.o(i.TIM3_IRQHandler)
    i.TIM3_PWM_Input_Init                    0x0800261c   Section        0  tim3_pwm_input.o(i.TIM3_PWM_Input_Init)
    i.TIM3_PWM_Input_Test                    0x08002670   Section        0  tim3_pwm_input.o(i.TIM3_PWM_Input_Test)
    i.TIM_ARRPreloadConfig                   0x080026a0   Section        0  hal_tim.o(i.TIM_ARRPreloadConfig)
    i.TIM_ClearFlag                          0x080026b8   Section        0  hal_tim.o(i.TIM_ClearFlag)
    i.TIM_ClearITPendingBit                  0x080026c0   Section        0  hal_tim.o(i.TIM_ClearITPendingBit)
    i.TIM_Cmd                                0x080026c8   Section        0  hal_tim.o(i.TIM_Cmd)
    i.TIM_GetITStatus                        0x080026e0   Section        0  hal_tim.o(i.TIM_GetITStatus)
    i.TIM_ITConfig                           0x080026fa   Section        0  hal_tim.o(i.TIM_ITConfig)
    i.TIM_TimeBaseInit                       0x08002710   Section        0  hal_tim.o(i.TIM_TimeBaseInit)
    i.TIM_TimeBaseStructInit                 0x0800277c   Section        0  hal_tim.o(i.TIM_TimeBaseStructInit)
    i.TimingDelayDecrement                   0x08002790   Section        0  delay.o(i.TimingDelayDecrement)
    TimingDelayDecrement                     0x08002791   Thumb Code    20  delay.o(i.TimingDelayDecrement)
    i.UART1_IRQHandler                       0x080027a8   Section        0  uart.o(i.UART1_IRQHandler)
    i.UART1_ITRX_InIt                        0x0800281c   Section        0  uart.o(i.UART1_ITRX_InIt)
    i.UART_ClearITPendingBit                 0x080028d0   Section        0  hal_uart.o(i.UART_ClearITPendingBit)
    i.UART_Cmd                               0x080028d4   Section        0  hal_uart.o(i.UART_Cmd)
    i.UART_GetFlagStatus                     0x080028e0   Section        0  hal_uart.o(i.UART_GetFlagStatus)
    i.UART_GetITStatus                       0x080028f2   Section        0  hal_uart.o(i.UART_GetITStatus)
    i.UART_ITConfig                          0x08002904   Section        0  hal_uart.o(i.UART_ITConfig)
    i.UART_Init                              0x08002918   Section        0  hal_uart.o(i.UART_Init)
    i.UART_ReceiveData                       0x08002990   Section        0  hal_uart.o(i.UART_ReceiveData)
    i.UART_StructInit                        0x08002998   Section        0  hal_uart.o(i.UART_StructInit)
    i.W25xx_CS_High                          0x080029b4   Section        0  spi.o(i.W25xx_CS_High)
    i.YMoveZero                              0x080029c4   Section        0  motormove.o(i.YMoveZero)
    i.__ARM_clz                              0x08002af0   Section        0  depilogue.o(i.__ARM_clz)
    i.__NVIC_SetPriority                     0x08002b20   Section        0  delay.o(i.__NVIC_SetPriority)
    __NVIC_SetPriority                       0x08002b21   Thumb Code   110  delay.o(i.__NVIC_SetPriority)
    i.__scatterload_copy                     0x08002b98   Section       14  handlers.o(i.__scatterload_copy)
    i.__scatterload_null                     0x08002ba6   Section        2  handlers.o(i.__scatterload_null)
    i.__scatterload_zeroinit                 0x08002ba8   Section       14  handlers.o(i.__scatterload_zeroinit)
    i.clearM                                 0x08002bb6   Section        0  motormove.o(i.clearM)
    i.exNVIC_Init                            0x08002bdc   Section        0  hal_misc.o(i.exNVIC_Init)
    i.main                                   0x08002c44   Section        0  main.o(i.main)
    .constdata                               0x08002cec   Section      128  motormove.o(.constdata)
    .data                                    0x20000000   Section       20  system_mm32spin06xx_s.o(.data)
    .data                                    0x20000014   Section       16  hal_rcc.o(.data)
    .data                                    0x20000024   Section        4  delay.o(.data)
    sTimingDelay                             0x20000024   Data           4  delay.o(.data)
    .data                                    0x20000028   Section        3  uart.o(.data)
    count                                    0x20000028   Data           1  uart.o(.data)
    count1                                   0x20000029   Data           1  uart.o(.data)
    count2                                   0x2000002a   Data           1  uart.o(.data)
    .data                                    0x2000002b   Section        2  can.o(.data)
    .data                                    0x20000030   Section      326  motorcan.o(.data)
    .data                                    0x20000178   Section       13  motormove.o(.data)
    step                                     0x20000178   Data           1  motormove.o(.data)
    ifstat                                   0x20000179   Data           1  motormove.o(.data)
    Restnum                                  0x2000017a   Data           1  motormove.o(.data)
    stepnum                                  0x2000017b   Data           1  motormove.o(.data)
    OriginalEncodedX1                        0x2000017c   Data           4  motormove.o(.data)
    OriginalEncodedX2                        0x20000180   Data           4  motormove.o(.data)
    RunState                                 0x20000184   Data           1  motormove.o(.data)
    .data                                    0x20000188   Section       16  main.o(.data)
    .bss                                     0x20000198   Section      204  uart.o(.bss)
    .bss                                     0x20000264   Section       16  can.o(.bss)
    .bss                                     0x20000274   Section       12  motormove.o(.bss)
    STACK                                    0x20000280   Section     1024  startup_mm32spin06xx_s_keil.o(STACK)

    Global Symbols

    Symbol Name                              Value     Ov Type        Size  Object(Section)

    BuildAttributes$$THM_ISAv3M$S$PE$A:L22$X:L11$S22$IEEE1$IW$USESV6$~STKCKD$USESV7$~SHL$OSPACE$ROPI$EBA8$MICROLIB$REQ8$PRES8$EABIv2 0x00000000   Number         0  anon$$obj.o ABSOLUTE
    __ARM_use_no_argv                        0x00000000   Number         0  main.o ABSOLUTE
    _printf_a                                0x00000000   Number         0  stubs.o ABSOLUTE
    _printf_c                                0x00000000   Number         0  stubs.o ABSOLUTE
    _printf_charcount                        0x00000000   Number         0  stubs.o ABSOLUTE
    _printf_d                                0x00000000   Number         0  stubs.o ABSOLUTE
    _printf_e                                0x00000000   Number         0  stubs.o ABSOLUTE
    _printf_f                                0x00000000   Number         0  stubs.o ABSOLUTE
    _printf_flags                            0x00000000   Number         0  stubs.o ABSOLUTE
    _printf_fp_dec                           0x00000000   Number         0  stubs.o ABSOLUTE
    _printf_fp_hex                           0x00000000   Number         0  stubs.o ABSOLUTE
    _printf_g                                0x00000000   Number         0  stubs.o ABSOLUTE
    _printf_i                                0x00000000   Number         0  stubs.o ABSOLUTE
    _printf_int_dec                          0x00000000   Number         0  stubs.o ABSOLUTE
    _printf_l                                0x00000000   Number         0  stubs.o ABSOLUTE
    _printf_lc                               0x00000000   Number         0  stubs.o ABSOLUTE
    _printf_ll                               0x00000000   Number         0  stubs.o ABSOLUTE
    _printf_lld                              0x00000000   Number         0  stubs.o ABSOLUTE
    _printf_lli                              0x00000000   Number         0  stubs.o ABSOLUTE
    _printf_llo                              0x00000000   Number         0  stubs.o ABSOLUTE
    _printf_llu                              0x00000000   Number         0  stubs.o ABSOLUTE
    _printf_llx                              0x00000000   Number         0  stubs.o ABSOLUTE
    _printf_longlong_dec                     0x00000000   Number         0  stubs.o ABSOLUTE
    _printf_longlong_hex                     0x00000000   Number         0  stubs.o ABSOLUTE
    _printf_longlong_oct                     0x00000000   Number         0  stubs.o ABSOLUTE
    _printf_ls                               0x00000000   Number         0  stubs.o ABSOLUTE
    _printf_mbtowc                           0x00000000   Number         0  stubs.o ABSOLUTE
    _printf_n                                0x00000000   Number         0  stubs.o ABSOLUTE
    _printf_o                                0x00000000   Number         0  stubs.o ABSOLUTE
    _printf_p                                0x00000000   Number         0  stubs.o ABSOLUTE
    _printf_percent                          0x00000000   Number         0  stubs.o ABSOLUTE
    _printf_pre_padding                      0x00000000   Number         0  stubs.o ABSOLUTE
    _printf_return_value                     0x00000000   Number         0  stubs.o ABSOLUTE
    _printf_s                                0x00000000   Number         0  stubs.o ABSOLUTE
    _printf_sizespec                         0x00000000   Number         0  stubs.o ABSOLUTE
    _printf_str                              0x00000000   Number         0  stubs.o ABSOLUTE
    _printf_truncate_signed                  0x00000000   Number         0  stubs.o ABSOLUTE
    _printf_truncate_unsigned                0x00000000   Number         0  stubs.o ABSOLUTE
    _printf_u                                0x00000000   Number         0  stubs.o ABSOLUTE
    _printf_wc                               0x00000000   Number         0  stubs.o ABSOLUTE
    _printf_wctomb                           0x00000000   Number         0  stubs.o ABSOLUTE
    _printf_widthprec                        0x00000000   Number         0  stubs.o ABSOLUTE
    _printf_x                                0x00000000   Number         0  stubs.o ABSOLUTE
    __cpp_initialize__aeabi_                  - Undefined Weak Reference
    __cxa_finalize                            - Undefined Weak Reference
    _clock_init                               - Undefined Weak Reference
    _microlib_exit                            - Undefined Weak Reference
    __Vectors_Size                           0x000000c0   Number         0  startup_mm32spin06xx_s_keil.o ABSOLUTE
    __Vectors                                0x08000000   Data           4  startup_mm32spin06xx_s_keil.o(RESET)
    __Vectors_End                            0x080000c0   Data           0  startup_mm32spin06xx_s_keil.o(RESET)
    __main                                   0x080000c1   Thumb Code     0  entry.o(.ARM.Collect$$$$00000000)
    _main_stk                                0x080000c1   Thumb Code     0  entry2.o(.ARM.Collect$$$$00000001)
    _main_scatterload                        0x080000c5   Thumb Code     0  entry5.o(.ARM.Collect$$$$00000004)
    __main_after_scatterload                 0x080000c9   Thumb Code     0  entry5.o(.ARM.Collect$$$$00000004)
    _main_clock                              0x080000c9   Thumb Code     0  entry7b.o(.ARM.Collect$$$$00000008)
    _main_cpp_init                           0x080000c9   Thumb Code     0  entry8b.o(.ARM.Collect$$$$0000000A)
    _main_init                               0x080000c9   Thumb Code     0  entry9a.o(.ARM.Collect$$$$0000000B)
    __rt_final_cpp                           0x080000d1   Thumb Code     0  entry10a.o(.ARM.Collect$$$$0000000D)
    __rt_final_exit                          0x080000d1   Thumb Code     0  entry11a.o(.ARM.Collect$$$$0000000F)
    Reset_Handler                            0x080000d5   Thumb Code    44  startup_mm32spin06xx_s_keil.o(.text)
    NMI_Handler                              0x08000101   Thumb Code     2  startup_mm32spin06xx_s_keil.o(.text)
    HardFault_Handler                        0x08000103   Thumb Code     2  startup_mm32spin06xx_s_keil.o(.text)
    SVC_Handler                              0x08000105   Thumb Code     2  startup_mm32spin06xx_s_keil.o(.text)
    PendSV_Handler                           0x08000107   Thumb Code     2  startup_mm32spin06xx_s_keil.o(.text)
    ADC1_COMP_IRQHandler                     0x0800010b   Thumb Code     0  startup_mm32spin06xx_s_keil.o(.text)
    DMA1_Channel1_IRQHandler                 0x0800010b   Thumb Code     0  startup_mm32spin06xx_s_keil.o(.text)
    DMA1_Channel2_3_IRQHandler               0x0800010b   Thumb Code     0  startup_mm32spin06xx_s_keil.o(.text)
    DMA1_Channel4_5_IRQHandler               0x0800010b   Thumb Code     0  startup_mm32spin06xx_s_keil.o(.text)
    EXTI0_1_IRQHandler                       0x0800010b   Thumb Code     0  startup_mm32spin06xx_s_keil.o(.text)
    EXTI2_3_IRQHandler                       0x0800010b   Thumb Code     0  startup_mm32spin06xx_s_keil.o(.text)
    EXTI4_15_IRQHandler                      0x0800010b   Thumb Code     0  startup_mm32spin06xx_s_keil.o(.text)
    FLASH_IRQHandler                         0x0800010b   Thumb Code     0  startup_mm32spin06xx_s_keil.o(.text)
    HWDIV_IRQHandler                         0x0800010b   Thumb Code     0  startup_mm32spin06xx_s_keil.o(.text)
    I2C1_IRQHandler                          0x0800010b   Thumb Code     0  startup_mm32spin06xx_s_keil.o(.text)
    PVD_IRQHandler                           0x0800010b   Thumb Code     0  startup_mm32spin06xx_s_keil.o(.text)
    RCC_CRS_IRQHandler                       0x0800010b   Thumb Code     0  startup_mm32spin06xx_s_keil.o(.text)
    RTC_BKP_IRQHandler                       0x0800010b   Thumb Code     0  startup_mm32spin06xx_s_keil.o(.text)
    SPI1_IRQHandler                          0x0800010b   Thumb Code     0  startup_mm32spin06xx_s_keil.o(.text)
    SPI2_IRQHandler                          0x0800010b   Thumb Code     0  startup_mm32spin06xx_s_keil.o(.text)
    TIM14_IRQHandler                         0x0800010b   Thumb Code     0  startup_mm32spin06xx_s_keil.o(.text)
    TIM16_IRQHandler                         0x0800010b   Thumb Code     0  startup_mm32spin06xx_s_keil.o(.text)
    TIM17_IRQHandler                         0x0800010b   Thumb Code     0  startup_mm32spin06xx_s_keil.o(.text)
    TIM1_BRK_UP_TRG_COM_IRQHandler           0x0800010b   Thumb Code     0  startup_mm32spin06xx_s_keil.o(.text)
    TIM1_CC_IRQHandler                       0x0800010b   Thumb Code     0  startup_mm32spin06xx_s_keil.o(.text)
    UART2_IRQHandler                         0x0800010b   Thumb Code     0  startup_mm32spin06xx_s_keil.o(.text)
    WWDG_IRQHandler                          0x0800010b   Thumb Code     0  startup_mm32spin06xx_s_keil.o(.text)
    __aeabi_uidiv                            0x08000135   Thumb Code     0  uidiv.o(.text)
    __aeabi_uidivmod                         0x08000135   Thumb Code    44  uidiv.o(.text)
    __aeabi_memcpy                           0x08000161   Thumb Code    36  memcpya.o(.text)
    __aeabi_memcpy4                          0x08000161   Thumb Code     0  memcpya.o(.text)
    __aeabi_memcpy8                          0x08000161   Thumb Code     0  memcpya.o(.text)
    __aeabi_memset                           0x08000185   Thumb Code    14  memseta.o(.text)
    __aeabi_memset4                          0x08000185   Thumb Code     0  memseta.o(.text)
    __aeabi_memset8                          0x08000185   Thumb Code     0  memseta.o(.text)
    __aeabi_memclr                           0x08000193   Thumb Code     4  memseta.o(.text)
    __aeabi_memclr4                          0x08000193   Thumb Code     0  memseta.o(.text)
    __aeabi_memclr8                          0x08000193   Thumb Code     0  memseta.o(.text)
    _memset$wrapper                          0x08000197   Thumb Code    18  memseta.o(.text)
    __aeabi_ui2d                             0x080001a9   Thumb Code    24  dfltui.o(.text)
    __aeabi_cdcmpeq                          0x080001c5   Thumb Code     0  cdcmple.o(.text)
    __aeabi_cdcmple                          0x080001c5   Thumb Code    38  cdcmple.o(.text)
    __aeabi_cdrcmple                         0x080001ed   Thumb Code    38  cdrcmple.o(.text)
    __I$use$fp                               0x08000215   Thumb Code     0  iusefp.o(.text)
    _double_round                            0x08000215   Thumb Code    26  depilogue.o(.text)
    _double_epilogue                         0x0800022f   Thumb Code   164  depilogue.o(.text)
    __scatterload                            0x080002d5   Thumb Code    28  init.o(.text)
    __scatterload_rt2                        0x080002d5   Thumb Code     0  init.o(.text)
    __aeabi_llsl                             0x080002f9   Thumb Code    32  llshl.o(.text)
    _ll_shift_l                              0x080002f9   Thumb Code     0  llshl.o(.text)
    __aeabi_llsr                             0x08000319   Thumb Code    34  llushr.o(.text)
    _ll_ushift_r                             0x08000319   Thumb Code     0  llushr.o(.text)
    __decompress                             0x0800033b   Thumb Code     0  __dczerorl2.o(.text)
    __decompress1                            0x0800033b   Thumb Code    86  __dczerorl2.o(.text)
    AutoCalPllFactor                         0x08000391   Thumb Code   106  system_mm32spin06xx_s.o(i.AutoCalPllFactor)
    CAN_AutoCfg_BaudParam                    0x080003fb   Thumb Code   136  hal_can.o(i.CAN_AutoCfg_BaudParam)
    CAN_ClearDataOverflow                    0x08000483   Thumb Code    10  hal_can.o(i.CAN_ClearDataOverflow)
    CAN_ClearITPendingBit                    0x0800048d   Thumb Code     8  hal_can.o(i.CAN_ClearITPendingBit)
    CAN_FIFORelease                          0x08000495   Thumb Code    10  hal_can.o(i.CAN_FIFORelease)
    CAN_Filter0_19                           0x080004a1   Thumb Code   422  can.o(i.CAN_Filter0_19)
    CAN_Filter_20GroupInit                   0x08000655   Thumb Code   128  can.o(i.CAN_Filter_20GroupInit)
    CAN_GetFlagStatus                        0x0800075d   Thumb Code    18  hal_can.o(i.CAN_GetFlagStatus)
    CAN_IRQHandler                           0x08000771   Thumb Code   176  can.o(i.CAN_IRQHandler)
    CAN_Mode_Cmd                             0x08000831   Thumb Code     8  hal_can.o(i.CAN_Mode_Cmd)
    CAN_Peli_ITConfig                        0x08000839   Thumb Code    28  hal_can.o(i.CAN_Peli_ITConfig)
    CAN_Peli_Init                            0x08000859   Thumb Code   134  hal_can.o(i.CAN_Peli_Init)
    CAN_Peli_Receive                         0x080008e5   Thumb Code   200  hal_can.o(i.CAN_Peli_Receive)
    CAN_Peli_StructInit                      0x080009b1   Thumb Code    26  hal_can.o(i.CAN_Peli_StructInit)
    CAN_Peli_Transmit                        0x080009cd   Thumb Code   168  hal_can.o(i.CAN_Peli_Transmit)
    CAN_ResetMode_Cmd                        0x08000a79   Thumb Code    24  hal_can.o(i.CAN_ResetMode_Cmd)
    ClearMStat                               0x08000a91   Thumb Code   120  motorcan.o(i.ClearMStat)
    CloseKnife                               0x08000b15   Thumb Code   296  motormove.o(i.CloseKnife)
    Cmd_pack                                 0x08000c55   Thumb Code   190  uart.o(i.Cmd_pack)
    DELAY_Init                               0x08000d21   Thumb Code    72  delay.o(i.DELAY_Init)
    DELAY_Ms                                 0x08000d75   Thumb Code    20  delay.o(i.DELAY_Ms)
    DataAnalyze                              0x08000d8d   Thumb Code   632  motorcan.o(i.DataAnalyze)
    DreMoveZero                              0x08001011   Thumb Code   738  motormove.o(i.DreMoveZero)
    EnableOrClearALarm                       0x08001319   Thumb Code    80  motormove.o(i.EnableOrClearALarm)
    GPIO_Init                                0x0800136d   Thumb Code   154  hal_gpio.o(i.GPIO_Init)
    GPIO_PinAFConfig                         0x08001407   Thumb Code    40  hal_gpio.o(i.GPIO_PinAFConfig)
    GPIO_ReadInputDataBit                    0x0800142f   Thumb Code    18  hal_gpio.o(i.GPIO_ReadInputDataBit)
    GPIO_ReadOutputDataBit                   0x08001441   Thumb Code    18  hal_gpio.o(i.GPIO_ReadOutputDataBit)
    GPIO_ResetBits                           0x08001453   Thumb Code     4  hal_gpio.o(i.GPIO_ResetBits)
    GPIO_SetBits                             0x08001457   Thumb Code     4  hal_gpio.o(i.GPIO_SetBits)
    GPIO_StructInit                          0x0800145b   Thumb Code    16  hal_gpio.o(i.GPIO_StructInit)
    GetCAN_FilterNum                         0x0800146d   Thumb Code    22  can.o(i.GetCAN_FilterNum)
    Input_Init                               0x08001489   Thumb Code    60  gpio.o(i.Input_Init)
    KnifeSelection                           0x080014c9   Thumb Code   242  motormove.o(i.KnifeSelection)
    LED_Init                                 0x080015d5   Thumb Code    94  gpio.o(i.LED_Init)
    MRevbuffEmpty                            0x08001639   Thumb Code    18  motorcan.o(i.MRevbuffEmpty)
    MRevbuffFull                             0x0800164b   Thumb Code    28  motorcan.o(i.MRevbuffFull)
    MRevbuffLen                              0x08001667   Thumb Code    24  motorcan.o(i.MRevbuffLen)
    MotorCanInit                             0x08001681   Thumb Code   378  motormove.o(i.MotorCanInit)
    MotorSendCanData                         0x0800185d   Thumb Code   122  motorcan.o(i.MotorSendCanData)
    MoveSeepMode                             0x080018dd   Thumb Code    90  motormove.o(i.MoveSeepMode)
    MoveToTargetPos                          0x08001941   Thumb Code   104  motormove.o(i.MoveToTargetPos)
    MoveZero                                 0x080019b5   Thumb Code   218  motormove.o(i.MoveZero)
    NVIC_Configure                           0x08001a99   Thumb Code    26  tim3_pwm_input.o(i.NVIC_Configure)
    NVIC_Init                                0x08001ab5   Thumb Code   100  hal_misc.o(i.NVIC_Init)
    Queue_init                               0x08001b1d   Thumb Code    30  uart.o(i.Queue_init)
    RCC_AHBPeriphClockCmd                    0x08001b45   Thumb Code    28  hal_rcc.o(i.RCC_AHBPeriphClockCmd)
    RCC_APB1PeriphClockCmd                   0x08001b65   Thumb Code    28  hal_rcc.o(i.RCC_APB1PeriphClockCmd)
    RCC_APB2PeriphClockCmd                   0x08001b85   Thumb Code    28  hal_rcc.o(i.RCC_APB2PeriphClockCmd)
    RCC_GetClocksFreq                        0x08001ba5   Thumb Code    58  hal_rcc.o(i.RCC_GetClocksFreq)
    RCC_GetHCLKFreq                          0x08001bed   Thumb Code    24  hal_rcc.o(i.RCC_GetHCLKFreq)
    RCC_GetPCLK1Freq                         0x08001c0d   Thumb Code    26  hal_rcc.o(i.RCC_GetPCLK1Freq)
    RCC_GetPCLK2Freq                         0x08001c31   Thumb Code    26  hal_rcc.o(i.RCC_GetPCLK2Freq)
    RCC_GetSysClockFreq                      0x08001c55   Thumb Code   110  hal_rcc.o(i.RCC_GetSysClockFreq)
    ReadAnPackData                           0x08001cd5   Thumb Code   106  motorcan.o(i.ReadAnPackData)
    ReadMotorOriginalEncodedVal              0x08001d45   Thumb Code    54  motormove.o(i.ReadMotorOriginalEncodedVal)
    RestStep1                                0x08001d85   Thumb Code   222  motormove.o(i.RestStep1)
    RestStep2                                0x08001e75   Thumb Code   264  motormove.o(i.RestStep2)
    RestStep3                                0x08001f95   Thumb Code   116  motormove.o(i.RestStep3)
    SPI_1_32bit_Init                         0x08002109   Thumb Code    20  spi.o(i.SPI_1_32bit_Init)
    SPI_BiDirectionalLineConfig              0x0800211d   Thumb Code    64  hal_spi.o(i.SPI_BiDirectionalLineConfig)
    SPI_CSInternalSelected                   0x0800215d   Thumb Code    24  hal_spi.o(i.SPI_CSInternalSelected)
    SPI_Cmd                                  0x08002175   Thumb Code    24  hal_spi.o(i.SPI_Cmd)
    SPI_Init                                 0x0800218d   Thumb Code   140  hal_spi.o(i.SPI_Init)
    SPI_StructInit                           0x08002219   Thumb Code    32  hal_spi.o(i.SPI_StructInit)
    ScissorsReset                            0x08002239   Thumb Code   122  motormove.o(i.ScissorsReset)
    Send_CANFrame                            0x080022c9   Thumb Code   112  can.o(i.Send_CANFrame)
    SysTick_Handler                          0x080024cd   Thumb Code     8  delay.o(i.SysTick_Handler)
    SystemInit                               0x080024d5   Thumb Code    90  system_mm32spin06xx_s.o(i.SystemInit)
    TIM2_IRQHandler                          0x08002541   Thumb Code    84  tim3_pwm_input.o(i.TIM2_IRQHandler)
    TIM3_IRQHandler                          0x08002599   Thumb Code   110  tim3_pwm_input.o(i.TIM3_IRQHandler)
    TIM3_PWM_Input_Init                      0x0800261d   Thumb Code    78  tim3_pwm_input.o(i.TIM3_PWM_Input_Init)
    TIM3_PWM_Input_Test                      0x08002671   Thumb Code    36  tim3_pwm_input.o(i.TIM3_PWM_Input_Test)
    TIM_ARRPreloadConfig                     0x080026a1   Thumb Code    24  hal_tim.o(i.TIM_ARRPreloadConfig)
    TIM_ClearFlag                            0x080026b9   Thumb Code     8  hal_tim.o(i.TIM_ClearFlag)
    TIM_ClearITPendingBit                    0x080026c1   Thumb Code     8  hal_tim.o(i.TIM_ClearITPendingBit)
    TIM_Cmd                                  0x080026c9   Thumb Code    24  hal_tim.o(i.TIM_Cmd)
    TIM_GetITStatus                          0x080026e1   Thumb Code    26  hal_tim.o(i.TIM_GetITStatus)
    TIM_ITConfig                             0x080026fb   Thumb Code    20  hal_tim.o(i.TIM_ITConfig)
    TIM_TimeBaseInit                         0x08002711   Thumb Code    90  hal_tim.o(i.TIM_TimeBaseInit)
    TIM_TimeBaseStructInit                   0x0800277d   Thumb Code    18  hal_tim.o(i.TIM_TimeBaseStructInit)
    UART1_IRQHandler                         0x080027a9   Thumb Code   102  uart.o(i.UART1_IRQHandler)
    UART1_ITRX_InIt                          0x0800281d   Thumb Code   176  uart.o(i.UART1_ITRX_InIt)
    UART_ClearITPendingBit                   0x080028d1   Thumb Code     4  hal_uart.o(i.UART_ClearITPendingBit)
    UART_Cmd                                 0x080028d5   Thumb Code    12  hal_uart.o(i.UART_Cmd)
    UART_GetFlagStatus                       0x080028e1   Thumb Code    18  hal_uart.o(i.UART_GetFlagStatus)
    UART_GetITStatus                         0x080028f3   Thumb Code    18  hal_uart.o(i.UART_GetITStatus)
    UART_ITConfig                            0x08002905   Thumb Code    20  hal_uart.o(i.UART_ITConfig)
    UART_Init                                0x08002919   Thumb Code   116  hal_uart.o(i.UART_Init)
    UART_ReceiveData                         0x08002991   Thumb Code     8  hal_uart.o(i.UART_ReceiveData)
    UART_StructInit                          0x08002999   Thumb Code    26  hal_uart.o(i.UART_StructInit)
    W25xx_CS_High                            0x080029b5   Thumb Code    12  spi.o(i.W25xx_CS_High)
    YMoveZero                                0x080029c5   Thumb Code   270  motormove.o(i.YMoveZero)
    __ARM_clz                                0x08002af1   Thumb Code    46  depilogue.o(i.__ARM_clz)
    __scatterload_copy                       0x08002b99   Thumb Code    14  handlers.o(i.__scatterload_copy)
    __scatterload_null                       0x08002ba7   Thumb Code     2  handlers.o(i.__scatterload_null)
    __scatterload_zeroinit                   0x08002ba9   Thumb Code    14  handlers.o(i.__scatterload_zeroinit)
    clearM                                   0x08002bb7   Thumb Code    36  motormove.o(i.clearM)
    exNVIC_Init                              0x08002bdd   Thumb Code   100  hal_misc.o(i.exNVIC_Init)
    main                                     0x08002c45   Thumb Code   152  main.o(i.main)
    Region$$Table$$Base                      0x08002d6c   Number         0  anon$$obj.o(Region$$Table)
    Region$$Table$$Limit                     0x08002d8c   Number         0  anon$$obj.o(Region$$Table)
    SystemCoreClock                          0x20000000   Data           4  system_mm32spin06xx_s.o(.data)
    AHBPrescTable                            0x20000004   Data          16  system_mm32spin06xx_s.o(.data)
    tbPresc                                  0x20000014   Data          16  hal_rcc.o(.data)
    flag                                     0x2000002b   Data           1  can.o(.data)
    gRxFlag                                  0x2000002c   Data           1  can.o(.data)
    MCmd                                     0x20000030   Data          14  motorcan.o(.data)
    MSCmd                                    0x2000003e   Data          26  motorcan.o(.data)
    MRevBuff                                 0x20000058   Data         268  motorcan.o(.data)
    MErrState                                0x20000164   Data          18  motorcan.o(.data)
    SPI_sencallk                             0x20000188   Data           5  main.o(.data)
    myspeed                                  0x2000018e   Data           2  main.o(.data)
    torq                                     0x20000190   Data           2  main.o(.data)
    Posv                                     0x20000194   Data           4  main.o(.data)
    uartrevQ                                 0x20000198   Data         104  uart.o(.bss)
    CMD_buff                                 0x20000200   Data         100  uart.o(.bss)
    gCanPeliRxBuff                           0x20000264   Data          16  can.o(.bss)
    MExeSta                                  0x20000274   Data          12  motormove.o(.bss)
    __initial_sp                             0x20000680   Data           0  startup_mm32spin06xx_s_keil.o(STACK)



==============================================================================

Memory Map of the image

  Image Entry point : 0x080000c1

  Load Region LR_IROM1 (Base: 0x08000000, Size: 0x00002f24, Max: 0x00010000, ABSOLUTE, COMPRESSED[0x00002de4])

    Execution Region ER_IROM1 (Base: 0x08000000, Size: 0x00002d8c, Max: 0x00010000, ABSOLUTE)

    Base Addr    Size         Type   Attr      Idx    E Section Name        Object

    0x08000000   0x000000c0   Data   RO          135    RESET               startup_mm32spin06xx_s_keil.o
    0x080000c0   0x00000000   Code   RO         2582  * .ARM.Collect$$$$00000000  mc_p.l(entry.o)
    0x080000c0   0x00000004   Code   RO         2860    .ARM.Collect$$$$00000001  mc_p.l(entry2.o)
    0x080000c4   0x00000004   Code   RO         2863    .ARM.Collect$$$$00000004  mc_p.l(entry5.o)
    0x080000c8   0x00000000   Code   RO         2865    .ARM.Collect$$$$00000008  mc_p.l(entry7b.o)
    0x080000c8   0x00000000   Code   RO         2867    .ARM.Collect$$$$0000000A  mc_p.l(entry8b.o)
    0x080000c8   0x00000008   Code   RO         2868    .ARM.Collect$$$$0000000B  mc_p.l(entry9a.o)
    0x080000d0   0x00000000   Code   RO         2870    .ARM.Collect$$$$0000000D  mc_p.l(entry10a.o)
    0x080000d0   0x00000000   Code   RO         2872    .ARM.Collect$$$$0000000F  mc_p.l(entry11a.o)
    0x080000d0   0x00000004   Code   RO         2861    .ARM.Collect$$$$00002712  mc_p.l(entry2.o)
    0x080000d4   0x00000060   Code   RO          136    .text               startup_mm32spin06xx_s_keil.o
    0x08000134   0x0000002c   Code   RO         2585    .text               mc_p.l(uidiv.o)
    0x08000160   0x00000024   Code   RO         2587    .text               mc_p.l(memcpya.o)
    0x08000184   0x00000024   Code   RO         2589    .text               mc_p.l(memseta.o)
    0x080001a8   0x0000001c   Code   RO         2854    .text               mf_p.l(dfltui.o)
    0x080001c4   0x00000028   Code   RO         2856    .text               mf_p.l(cdcmple.o)
    0x080001ec   0x00000028   Code   RO         2858    .text               mf_p.l(cdrcmple.o)
    0x08000214   0x00000000   Code   RO         2877    .text               mc_p.l(iusefp.o)
    0x08000214   0x000000be   Code   RO         2878    .text               mf_p.l(depilogue.o)
    0x080002d2   0x00000002   PAD
    0x080002d4   0x00000024   Code   RO         2890    .text               mc_p.l(init.o)
    0x080002f8   0x00000020   Code   RO         2892    .text               mc_p.l(llshl.o)
    0x08000318   0x00000022   Code   RO         2894    .text               mc_p.l(llushr.o)
    0x0800033a   0x00000056   Code   RO         2906    .text               mc_p.l(__dczerorl2.o)
    0x08000390   0x0000006a   Code   RO            3    i.AutoCalPllFactor  system_mm32spin06xx_s.o
    0x080003fa   0x00000088   Code   RO         1586    i.CAN_AutoCfg_BaudParam  hal_can.o
    0x08000482   0x0000000a   Code   RO         1588    i.CAN_ClearDataOverflow  hal_can.o
    0x0800048c   0x00000008   Code   RO         1589    i.CAN_ClearITPendingBit  hal_can.o
    0x08000494   0x0000000a   Code   RO         1591    i.CAN_FIFORelease   hal_can.o
    0x0800049e   0x00000002   PAD
    0x080004a0   0x000001b4   Code   RO         2304    i.CAN_Filter0_19    can.o
    0x08000654   0x00000088   Code   RO         2305    i.CAN_Filter_20GroupInit  can.o
    0x080006dc   0x00000080   Code   RO         2306    i.CAN_GPIO_Config   can.o
    0x0800075c   0x00000012   Code   RO         1593    i.CAN_GetFlagStatus  hal_can.o
    0x0800076e   0x00000002   PAD
    0x08000770   0x000000c0   Code   RO         2307    i.CAN_IRQHandler    can.o
    0x08000830   0x00000008   Code   RO         1597    i.CAN_Mode_Cmd      hal_can.o
    0x08000838   0x00000020   Code   RO         1605    i.CAN_Peli_ITConfig  hal_can.o
    0x08000858   0x0000008c   Code   RO         1606    i.CAN_Peli_Init     hal_can.o
    0x080008e4   0x000000cc   Code   RO         1607    i.CAN_Peli_Receive  hal_can.o
    0x080009b0   0x0000001a   Code   RO         1609    i.CAN_Peli_StructInit  hal_can.o
    0x080009ca   0x00000002   PAD
    0x080009cc   0x000000ac   Code   RO         1610    i.CAN_Peli_Transmit  hal_can.o
    0x08000a78   0x00000018   Code   RO         1613    i.CAN_ResetMode_Cmd  hal_can.o
    0x08000a90   0x00000084   Code   RO         2364    i.ClearMStat        motorcan.o
    0x08000b14   0x00000140   Code   RO         2443    i.CloseKnife        motormove.o
    0x08000c54   0x000000cc   Code   RO         1913    i.Cmd_pack          uart.o
    0x08000d20   0x00000054   Code   RO         1795    i.DELAY_Init        delay.o
    0x08000d74   0x00000018   Code   RO         1796    i.DELAY_Ms          delay.o
    0x08000d8c   0x00000284   Code   RO         2365    i.DataAnalyze       motorcan.o
    0x08001010   0x00000308   Code   RO         2444    i.DreMoveZero       motormove.o
    0x08001318   0x00000054   Code   RO         2445    i.EnableOrClearALarm  motormove.o
    0x0800136c   0x0000009a   Code   RO          144    i.GPIO_Init         hal_gpio.o
    0x08001406   0x00000028   Code   RO          145    i.GPIO_PinAFConfig  hal_gpio.o
    0x0800142e   0x00000012   Code   RO          149    i.GPIO_ReadInputDataBit  hal_gpio.o
    0x08001440   0x00000012   Code   RO          151    i.GPIO_ReadOutputDataBit  hal_gpio.o
    0x08001452   0x00000004   Code   RO          152    i.GPIO_ResetBits    hal_gpio.o
    0x08001456   0x00000004   Code   RO          153    i.GPIO_SetBits      hal_gpio.o
    0x0800145a   0x00000010   Code   RO          154    i.GPIO_StructInit   hal_gpio.o
    0x0800146a   0x00000002   PAD
    0x0800146c   0x0000001c   Code   RO         2308    i.GetCAN_FilterNum  can.o
    0x08001488   0x00000040   Code   RO         2067    i.Input_Init        gpio.o
    0x080014c8   0x0000010c   Code   RO         2446    i.KnifeSelection    motormove.o
    0x080015d4   0x00000064   Code   RO         2068    i.LED_Init          gpio.o
    0x08001638   0x00000012   Code   RO         2367    i.MRevbuffEmpty     motorcan.o
    0x0800164a   0x0000001c   Code   RO         2368    i.MRevbuffFull      motorcan.o
    0x08001666   0x00000018   Code   RO         2369    i.MRevbuffLen       motorcan.o
    0x0800167e   0x00000002   PAD
    0x08001680   0x00000184   Code   RO         2447    i.MotorCanInit      motormove.o
    0x08001804   0x00000058   Code   RO         2448    i.MotorMoveStandard  motormove.o
    0x0800185c   0x00000080   Code   RO         2370    i.MotorSendCanData  motorcan.o
    0x080018dc   0x00000064   Code   RO         2449    i.MoveSeepMode      motormove.o
    0x08001940   0x00000074   Code   RO         2450    i.MoveToTargetPos   motormove.o
    0x080019b4   0x000000e4   Code   RO         2451    i.MoveZero          motormove.o
    0x08001a98   0x0000001a   Code   RO         2102    i.NVIC_Configure    tim3_pwm_input.o
    0x08001ab2   0x00000002   PAD
    0x08001ab4   0x00000068   Code   RO          723    i.NVIC_Init         hal_misc.o
    0x08001b1c   0x00000028   Code   RO         1914    i.Queue_init        uart.o
    0x08001b44   0x00000020   Code   RO          259    i.RCC_AHBPeriphClockCmd  hal_rcc.o
    0x08001b64   0x00000020   Code   RO          261    i.RCC_APB1PeriphClockCmd  hal_rcc.o
    0x08001b84   0x00000020   Code   RO          263    i.RCC_APB2PeriphClockCmd  hal_rcc.o
    0x08001ba4   0x00000048   Code   RO          270    i.RCC_GetClocksFreq  hal_rcc.o
    0x08001bec   0x00000020   Code   RO          272    i.RCC_GetHCLKFreq   hal_rcc.o
    0x08001c0c   0x00000024   Code   RO          274    i.RCC_GetPCLK1Freq  hal_rcc.o
    0x08001c30   0x00000024   Code   RO          275    i.RCC_GetPCLK2Freq  hal_rcc.o
    0x08001c54   0x00000080   Code   RO          277    i.RCC_GetSysClockFreq  hal_rcc.o
    0x08001cd4   0x00000070   Code   RO         2372    i.ReadAnPackData    motorcan.o
    0x08001d44   0x00000040   Code   RO         2452    i.ReadMotorOriginalEncodedVal  motormove.o
    0x08001d84   0x000000f0   Code   RO         2453    i.RestStep1         motormove.o
    0x08001e74   0x00000120   Code   RO         2454    i.RestStep2         motormove.o
    0x08001f94   0x0000007c   Code   RO         2455    i.RestStep3         motormove.o
    0x08002010   0x00000052   Code   RO         2214    i.SPI2_Config       spi.o
    0x08002062   0x000000a6   Code   RO         2215    i.SPI2_GPIO_Config  spi.o
    0x08002108   0x00000014   Code   RO         2216    i.SPI_1_32bit_Init  spi.o
    0x0800211c   0x00000040   Code   RO         1425    i.SPI_BiDirectionalLineConfig  hal_spi.o
    0x0800215c   0x00000018   Code   RO         1426    i.SPI_CSInternalSelected  hal_spi.o
    0x08002174   0x00000018   Code   RO         1428    i.SPI_Cmd           hal_spi.o
    0x0800218c   0x0000008c   Code   RO         1437    i.SPI_Init          hal_spi.o
    0x08002218   0x00000020   Code   RO         1443    i.SPI_StructInit    hal_spi.o
    0x08002238   0x00000090   Code   RO         2456    i.ScissorsReset     motormove.o
    0x080022c8   0x00000070   Code   RO         2309    i.Send_CANFrame     can.o
    0x08002338   0x00000008   Code   RO            4    i.SetSysClock       system_mm32spin06xx_s.o
    0x08002340   0x0000018c   Code   RO            5    i.SetSysClockToXX   system_mm32spin06xx_s.o
    0x080024cc   0x00000008   Code   RO         1797    i.SysTick_Handler   delay.o
    0x080024d4   0x0000006c   Code   RO            6    i.SystemInit        system_mm32spin06xx_s.o
    0x08002540   0x00000058   Code   RO         2104    i.TIM2_IRQHandler   tim3_pwm_input.o
    0x08002598   0x00000084   Code   RO         2108    i.TIM3_IRQHandler   tim3_pwm_input.o
    0x0800261c   0x00000054   Code   RO         2109    i.TIM3_PWM_Input_Init  tim3_pwm_input.o
    0x08002670   0x00000030   Code   RO         2110    i.TIM3_PWM_Input_Test  tim3_pwm_input.o
    0x080026a0   0x00000018   Code   RO          768    i.TIM_ARRPreloadConfig  hal_tim.o
    0x080026b8   0x00000008   Code   RO          774    i.TIM_ClearFlag     hal_tim.o
    0x080026c0   0x00000008   Code   RO          775    i.TIM_ClearITPendingBit  hal_tim.o
    0x080026c8   0x00000018   Code   RO          780    i.TIM_Cmd           hal_tim.o
    0x080026e0   0x0000001a   Code   RO          801    i.TIM_GetITStatus   hal_tim.o
    0x080026fa   0x00000014   Code   RO          805    i.TIM_ITConfig      hal_tim.o
    0x0800270e   0x00000002   PAD
    0x08002710   0x0000006c   Code   RO          857    i.TIM_TimeBaseInit  hal_tim.o
    0x0800277c   0x00000012   Code   RO          858    i.TIM_TimeBaseStructInit  hal_tim.o
    0x0800278e   0x00000002   PAD
    0x08002790   0x00000018   Code   RO         1798    i.TimingDelayDecrement  delay.o
    0x080027a8   0x00000074   Code   RO         1916    i.UART1_IRQHandler  uart.o
    0x0800281c   0x000000b4   Code   RO         1917    i.UART1_ITRX_InIt   uart.o
    0x080028d0   0x00000004   Code   RO          546    i.UART_ClearITPendingBit  hal_uart.o
    0x080028d4   0x0000000c   Code   RO          547    i.UART_Cmd          hal_uart.o
    0x080028e0   0x00000012   Code   RO          551    i.UART_GetFlagStatus  hal_uart.o
    0x080028f2   0x00000012   Code   RO          552    i.UART_GetITStatus  hal_uart.o
    0x08002904   0x00000014   Code   RO          554    i.UART_ITConfig     hal_uart.o
    0x08002918   0x00000078   Code   RO          555    i.UART_Init         hal_uart.o
    0x08002990   0x00000008   Code   RO          556    i.UART_ReceiveData  hal_uart.o
    0x08002998   0x0000001a   Code   RO          568    i.UART_StructInit   hal_uart.o
    0x080029b2   0x00000002   PAD
    0x080029b4   0x00000010   Code   RO         2217    i.W25xx_CS_High     spi.o
    0x080029c4   0x0000012c   Code   RO         2457    i.YMoveZero         motormove.o
    0x08002af0   0x0000002e   Code   RO         2880    i.__ARM_clz         mf_p.l(depilogue.o)
    0x08002b1e   0x00000002   PAD
    0x08002b20   0x00000078   Code   RO         1799    i.__NVIC_SetPriority  delay.o
    0x08002b98   0x0000000e   Code   RO         2900    i.__scatterload_copy  mc_p.l(handlers.o)
    0x08002ba6   0x00000002   Code   RO         2901    i.__scatterload_null  mc_p.l(handlers.o)
    0x08002ba8   0x0000000e   Code   RO         2902    i.__scatterload_zeroinit  mc_p.l(handlers.o)
    0x08002bb6   0x00000024   Code   RO         2458    i.clearM            motormove.o
    0x08002bda   0x00000002   PAD
    0x08002bdc   0x00000068   Code   RO          726    i.exNVIC_Init       hal_misc.o
    0x08002c44   0x000000a8   Code   RO         2561    i.main              main.o
    0x08002cec   0x00000080   Data   RO         2460    .constdata          motormove.o
    0x08002d6c   0x00000020   Data   RO         2898    Region$$Table       anon$$obj.o


    Execution Region RW_IRAM1 (Base: 0x20000000, Size: 0x00000680, Max: 0x00004000, ABSOLUTE, COMPRESSED[0x00000058])

    Base Addr    Size         Type   Attr      Idx    E Section Name        Object

    0x20000000   0x00000014   Data   RW            7    .data               system_mm32spin06xx_s.o
    0x20000014   0x00000010   Data   RW          302    .data               hal_rcc.o
    0x20000024   0x00000004   Data   RW         1800    .data               delay.o
    0x20000028   0x00000003   Data   RW         1922    .data               uart.o
    0x2000002b   0x00000002   Data   RW         2311    .data               can.o
    0x2000002d   0x00000003   PAD
    0x20000030   0x00000146   Data   RW         2373    .data               motorcan.o
    0x20000176   0x00000002   PAD
    0x20000178   0x0000000d   Data   RW         2461    .data               motormove.o
    0x20000185   0x00000003   PAD
    0x20000188   0x00000010   Data   RW         2562    .data               main.o
    0x20000198   0x000000cc   Zero   RW         1921    .bss                uart.o
    0x20000264   0x00000010   Zero   RW         2310    .bss                can.o
    0x20000274   0x0000000c   Zero   RW         2459    .bss                motormove.o
    0x20000280   0x00000400   Zero   RW          133    STACK               startup_mm32spin06xx_s_keil.o


==============================================================================

Image component sizes


      Code (inc. data)   RO Data    RW Data    ZI Data      Debug   Object Name

      1032         44          0          2         16       5588   can.o
       260         30          0          4          0      25960   delay.o
       164         10          0          0          0        960   gpio.o
       788         18          0          0          0       9874   hal_can.o
       254          0          0          0          0       6542   hal_gpio.o
       208          8          0          0          0       2482   hal_misc.o
       400         72          0         16          0       7614   hal_rcc.o
       284          0          0          0          0       6105   hal_spi.o
       236         18          0          0          0      11262   hal_tim.o
       226          4          0          0          0       6609   hal_uart.o
       168         16          0         16          0       1204   main.o
      1086         36          0        326          0       8515   motorcan.o
      3564        256        128         13         12      14949   motormove.o
       284          4          0          0          0       2339   spi.o
        96         40        192          0       1024        696   startup_mm32spin06xx_s_keil.o
       618         46          0         20          0      83232   system_mm32spin06xx_s.o
       378         44          0          0          0       9189   tim3_pwm_input.o
       540         42          0          3        204      17023   uart.o

    ----------------------------------------------------------------------
     10606        688        352        408       1256     220143   Object Totals
         0          0         32          0          0          0   (incl. Generated)
        20          0          0          8          0          0   (incl. Padding)

    ----------------------------------------------------------------------

      Code (inc. data)   RO Data    RW Data    ZI Data      Debug   Library Member Name

        86          0          0          0          0          0   __dczerorl2.o
         0          0          0          0          0          0   entry.o
         0          0          0          0          0          0   entry10a.o
         0          0          0          0          0          0   entry11a.o
         8          4          0          0          0          0   entry2.o
         4          0          0          0          0          0   entry5.o
         0          0          0          0          0          0   entry7b.o
         0          0          0          0          0          0   entry8b.o
         8          4          0          0          0          0   entry9a.o
        30          0          0          0          0          0   handlers.o
        36          8          0          0          0         68   init.o
         0          0          0          0          0          0   iusefp.o
        32          0          0          0          0         68   llshl.o
        34          0          0          0          0         68   llushr.o
        36          0          0          0          0         60   memcpya.o
        36          0          0          0          0        100   memseta.o
        44          0          0          0          0         72   uidiv.o
        40          2          0          0          0         68   cdcmple.o
        40          2          0          0          0         68   cdrcmple.o
       236          0          0          0          0        216   depilogue.o
        28          4          0          0          0         68   dfltui.o

    ----------------------------------------------------------------------
       702         24          0          0          0        856   Library Totals
         4          0          0          0          0          0   (incl. Padding)

    ----------------------------------------------------------------------

      Code (inc. data)   RO Data    RW Data    ZI Data      Debug   Library Name

       354         16          0          0          0        436   mc_p.l
       344          8          0          0          0        420   mf_p.l

    ----------------------------------------------------------------------
       702         24          0          0          0        856   Library Totals

    ----------------------------------------------------------------------

==============================================================================


      Code (inc. data)   RO Data    RW Data    ZI Data      Debug   

     11308        712        352        408       1256     216367   Grand Totals
     11308        712        352         88       1256     216367   ELF Image Totals (compressed)
     11308        712        352         88          0          0   ROM Totals

==============================================================================

    Total RO  Size (Code + RO Data)                11660 (  11.39kB)
    Total RW  Size (RW Data + ZI Data)              1664 (   1.63kB)
    Total ROM Size (Code + RO Data + RW Data)      11748 (  11.47kB)

==============================================================================

